Archive member included to satisfy reference by file (symbol)

C:/Program Files/SEGGER/SEGGER Embedded Studio for ARM 4.18/lib/libm_v7em_fpv4_sp_d16_hard_t_le_eabi.a(libm_asm.o)
                              Output/ds_twr_resp nrf52832_xxaa/Obj/ss_resp_main.o (__aeabi_ui2d)
C:/Program Files/SEGGER/SEGGER Embedded Studio for ARM 4.18/lib/libc_v7em_fpv4_sp_d16_hard_t_le_eabi.a(libc2.o)
                              Output/ds_twr_resp nrf52832_xxaa/Obj/deca_device.o (abs)
C:/Program Files/SEGGER/SEGGER Embedded Studio for ARM 4.18/lib/libc_v7em_fpv4_sp_d16_hard_t_le_eabi.a(libc2_asm.o)
                              Output/ds_twr_resp nrf52832_xxaa/Obj/SEGGER_RTT.o (memcpy)
C:/Program Files/SEGGER/SEGGER Embedded Studio for ARM 4.18/lib/libc_v7em_fpv4_sp_d16_hard_t_le_eabi.a(libc_asm.o)
                              C:/Program Files/SEGGER/SEGGER Embedded Studio for ARM 4.18/lib/libc_v7em_fpv4_sp_d16_hard_t_le_eabi.a(libc2.o) (__aeabi_uldivmod)
C:/Program Files/SEGGER/SEGGER Embedded Studio for ARM 4.18/lib/libdebugio_v7em_fpv4_sp_d16_hard_t_le_eabi.a(libdebugio.o)
                              Output/ds_twr_resp nrf52832_xxaa/Obj/thumb_crt0.o (debug_fopen)
C:/Program Files/SEGGER/SEGGER Embedded Studio for ARM 4.18/lib/libdebugio_mempoll_v7em_fpv4_sp_d16_hard_t_le_eabi.a(mempoll_debug_operations.o)
                              C:/Program Files/SEGGER/SEGGER Embedded Studio for ARM 4.18/lib/libdebugio_v7em_fpv4_sp_d16_hard_t_le_eabi.a(libdebugio.o) (__do_debug_operation)
C:/Program Files/SEGGER/SEGGER Embedded Studio for ARM 4.18/lib/libdebugio_mempoll_v7em_fpv4_sp_d16_hard_t_le_eabi.a(do_nv_debug_operation.o)
                              C:/Program Files/SEGGER/SEGGER Embedded Studio for ARM 4.18/lib/libdebugio_v7em_fpv4_sp_d16_hard_t_le_eabi.a(libdebugio.o) (__do_nvdebug_operation)
C:/Program Files/SEGGER/SEGGER Embedded Studio for ARM 4.18/lib/libm_v7em_fpv4_sp_d16_hard_t_le_eabi.a(libm2.o)
                              C:/Program Files/SEGGER/SEGGER Embedded Studio for ARM 4.18/lib/libvfprintf_v7em_fpv4_sp_d16_hard_t_le_eabi.o (frexp)
C:/Program Files/SEGGER/SEGGER Embedded Studio for ARM 4.18/lib/libm_v7em_fpv4_sp_d16_hard_t_le_eabi.a(libm2_asm.o)
                              C:/Program Files/SEGGER/SEGGER Embedded Studio for ARM 4.18/lib/libm_v7em_fpv4_sp_d16_hard_t_le_eabi.a(libm2.o) (fabs)

Discarded input sections

 .text          0x0000000000000000        0x0 Output/ds_twr_resp nrf52832_xxaa/Obj/thumb_crt0.o
 .data          0x0000000000000000        0x0 Output/ds_twr_resp nrf52832_xxaa/Obj/thumb_crt0.o
 .bss           0x0000000000000000        0x0 Output/ds_twr_resp nrf52832_xxaa/Obj/thumb_crt0.o
 .text.__aeabi_read_tp
                0x0000000000000000        0x8 Output/ds_twr_resp nrf52832_xxaa/Obj/thumb_crt0.o
 .text.__heap_lock
                0x0000000000000000        0x2 Output/ds_twr_resp nrf52832_xxaa/Obj/thumb_crt0.o
 .text.__heap_unlock
                0x0000000000000000        0x2 Output/ds_twr_resp nrf52832_xxaa/Obj/thumb_crt0.o
 .text.__printf_lock
                0x0000000000000000        0x2 Output/ds_twr_resp nrf52832_xxaa/Obj/thumb_crt0.o
 .text.__printf_unlock
                0x0000000000000000        0x2 Output/ds_twr_resp nrf52832_xxaa/Obj/thumb_crt0.o
 .text.__scanf_lock
                0x0000000000000000        0x2 Output/ds_twr_resp nrf52832_xxaa/Obj/thumb_crt0.o
 .text.__scanf_unlock
                0x0000000000000000        0x2 Output/ds_twr_resp nrf52832_xxaa/Obj/thumb_crt0.o
 .text.__debug_io_lock
                0x0000000000000000        0x2 Output/ds_twr_resp nrf52832_xxaa/Obj/thumb_crt0.o
 .text.__debug_io_unlock
                0x0000000000000000        0x2 Output/ds_twr_resp nrf52832_xxaa/Obj/thumb_crt0.o
 .text.abort    0x0000000000000000        0x2 Output/ds_twr_resp nrf52832_xxaa/Obj/thumb_crt0.o
 .text.__assert
                0x0000000000000000        0x2 Output/ds_twr_resp nrf52832_xxaa/Obj/thumb_crt0.o
 .text.__aeabi_assert
                0x0000000000000000        0x2 Output/ds_twr_resp nrf52832_xxaa/Obj/thumb_crt0.o
 .text.__cxa_pure_virtual
                0x0000000000000000        0x2 Output/ds_twr_resp nrf52832_xxaa/Obj/thumb_crt0.o
 .text.__cxa_guard_acquire
                0x0000000000000000       0x10 Output/ds_twr_resp nrf52832_xxaa/Obj/thumb_crt0.o
 .text.__cxa_guard_release
                0x0000000000000000        0x6 Output/ds_twr_resp nrf52832_xxaa/Obj/thumb_crt0.o
 .text.__cxa_guard_abort
                0x0000000000000000        0x2 Output/ds_twr_resp nrf52832_xxaa/Obj/thumb_crt0.o
 .text.__sync_synchronize
                0x0000000000000000        0x2 Output/ds_twr_resp nrf52832_xxaa/Obj/thumb_crt0.o
 .text.__open   0x0000000000000000        0x4 Output/ds_twr_resp nrf52832_xxaa/Obj/thumb_crt0.o
 .text.__close  0x0000000000000000        0x4 Output/ds_twr_resp nrf52832_xxaa/Obj/thumb_crt0.o
[...]
Memory Configuration

Name             Origin             Length             Attributes
UNPLACED_SECTIONS 0x0000000100000000 0x0000000000000000 xw
FLASH            0x0000000000000000 0x0000000000080000 xr
SRAM             0x0000000020000000 0x0000000000010000 xw
*default*        0x0000000000000000 0xffffffffffffffff

Linker script and memory map

                0x0000000000000000                __vfprintf = __vfprintf_short_float_long
                0x0000000000000000                __vfscanf = __vfscanf_int
                0x0000000000000000                __FLASH_segment_start__ = 0x0
                0x0000000000080000                __FLASH_segment_end__ = 0x80000
                0x0000000000080000                __FLASH_segment_size__ = 0x80000
                0x0000000020000000                __SRAM_segment_start__ = 0x20000000
                0x0000000020010000                __SRAM_segment_end__ = 0x20010000
                0x0000000000010000                __SRAM_segment_size__ = 0x10000
                0x0000000000000400                __HEAPSIZE__ = 0x400
                0x0000000000000000                __STACKSIZE_PROCESS__ = 0x0
                0x0000000000000400                __STACKSIZE__ = 0x400
                0x0000000020000000                __vectors_ram_load_start__ = ALIGN (__SRAM_segment_start__, 0x100)

.vectors_ram    0x0000000020000000        0x0
                0x0000000020000000                __vectors_ram_start__ = .
 *(.vectors_ram .vectors_ram.*)
                0x0000000020000000                __vectors_ram_end__ = (__vectors_ram_start__ + SIZEOF (.vectors_ram))
                0x0000000000000000                __vectors_ram_size__ = SIZEOF (.vectors_ram)
                0x0000000020000000                __vectors_ram_load_end__ = __vectors_ram_end__
                0x0000000000000001                . = ASSERT (((__vectors_ram_start__ == __vectors_ram_end__) || ((__vectors_ram_end__ - __SRAM_segment_start__) <= __SRAM_segment_size__)), error: .vectors_ram is too large to fit in SRAM memory segment)
                0x0000000000000000                __vectors_load_start__ = ALIGN (__FLASH_segment_start__, 0x100)

.vectors        0x0000000000000000       0xd8
                0x0000000000000000                __vectors_start__ = .
 *(.vectors .vectors.*)
 .vectors       0x0000000000000000       0xd8 Output/ds_twr_resp nrf52832_xxaa/Obj/ses_nrf52_startup.o
                0x0000000000000000                _vectors
                0x00000000000000d8                __vectors_end__ = (__vectors_start__ + SIZEOF (.vectors))
                0x00000000000000d8                __vectors_size__ = SIZEOF (.vectors)
                0x00000000000000d8                __vectors_load_end__ = __vectors_end__
                0x0000000000000001                . = ASSERT (((__vectors_start__ == __vectors_end__) || ((__vectors_end__ - __FLASH_segment_start__) <= __FLASH_segment_size__)), error: .vectors is too large to fit in FLASH memory segment)
                0x00000000000000d8                __init_load_start__ = ALIGN (__vectors_end__, 0x4)

.init           0x00000000000000d8      0x1d8
                0x00000000000000d8                __init_start__ = .
 *(.init .init.*)
 .init          0x00000000000000d8      0x16c Output/ds_twr_resp nrf52832_xxaa/Obj/thumb_crt0.o
                0x00000000000000d8                _start
                0x0000000000000194                exit
 .init          0x0000000000000244       0x6c Output/ds_twr_resp nrf52832_xxaa/Obj/ses_nrf52_startup.o
                0x0000000000000244                NMI_Handler
                0x0000000000000246                HardFault_Handler
                0x0000000000000248                MemoryManagement_Handler
                0x000000000000024a                BusFault_Handler
                0x000000000000024c                UsageFault_Handler
                0x0000000000000250                DebugMon_Handler
                0x0000000000000254                SysTick_Handler
                0x0000000000000258                RADIO_IRQHandler
                0x000000000000025c                SPIM0_SPIS0_TWIM0_TWIS0_SPI0_TWI0_IRQHandler
                0x0000000000000260                NFCT_IRQHandler
                0x0000000000000264                SAADC_IRQHandler
                0x0000000000000266                TIMER0_IRQHandler
                0x0000000000000268                TIMER1_IRQHandler
                0x000000000000026a                TIMER2_IRQHandler
                0x000000000000026c                RTC0_IRQHandler
                0x000000000000026e                TEMP_IRQHandler
                0x0000000000000270                RNG_IRQHandler
                0x0000000000000272                ECB_IRQHandler
                0x0000000000000274                CCM_AAR_IRQHandler
                0x0000000000000276                WDT_IRQHandler
                0x000000000000027a                QDEC_IRQHandler
                0x000000000000027c                COMP_LPCOMP_IRQHandler
                0x000000000000027e                SWI0_EGU0_IRQHandler
                0x0000000000000280                SWI1_EGU1_IRQHandler
                0x0000000000000282                SWI2_EGU2_IRQHandler
                0x0000000000000284                SWI3_EGU3_IRQHandler
                0x0000000000000286                SWI4_EGU4_IRQHandler
                0x0000000000000288                SWI5_EGU5_IRQHandler
                0x000000000000028a                TIMER3_IRQHandler
                0x000000000000028c                TIMER4_IRQHandler
                0x000000000000028e                PWM0_IRQHandler
                0x0000000000000290                PDM_IRQHandler
                0x0000000000000292                MWU_IRQHandler
                0x0000000000000294                PWM1_IRQHandler
                0x0000000000000296                PWM2_IRQHandler
                0x0000000000000298                SPIM2_SPIS2_SPI2_IRQHandler
                0x000000000000029a                RTC2_IRQHandler
                0x000000000000029c                I2S_IRQHandler
                0x000000000000029e                reset_handler
                0x00000000000002b0                __init_end__ = (__init_start__ + SIZEOF (.init))
                0x00000000000001d8                __init_size__ = SIZEOF (.init)
                0x00000000000002b0                __init_load_end__ = __init_end__
                0x0000000000000001                . = ASSERT (((__init_start__ == __init_end__) || ((__init_end__ - __FLASH_segment_start__) <= __FLASH_segment_size__)), error: .init is too large to fit in FLASH memory segment)
                0x00000000000002b0                __init_rodata_load_start__ = ALIGN (__init_end__, 0x4)

.init_rodata    0x00000000000002b0        0x0
                0x00000000000002b0                __init_rodata_start__ = .
 *(.init_rodata .init_rodata.*)
                0x00000000000002b0                __init_rodata_end__ = (__init_rodata_start__ + SIZEOF (.init_rodata))
                0x0000000000000000                __init_rodata_size__ = SIZEOF (.init_rodata)
                0x00000000000002b0                __init_rodata_load_end__ = __init_rodata_end__
                0x0000000000000001                . = ASSERT (((__init_rodata_start__ == __init_rodata_end__) || ((__init_rodata_end__ - __FLASH_segment_start__) <= __FLASH_segment_size__)), error: .init_rodata is too large to fit in FLASH memory segment)
                0x00000000000002b0                __text_load_start__ = ALIGN (__init_rodata_end__, 0x4)

.text           0x00000000000002b0     0x714a
                0x00000000000002b0                __text_start__ = .
 *(.text .text.* .glue_7t .glue_7 .gnu.linkonce.t.* .gcc_except_table .ARM.extab* .gnu.linkonce.armextab.*)
 .glue_7        0x00000000000002b0        0x0 linker stubs
 .glue_7t       0x00000000000002b0        0x0 linker stubs
 .text.__NVIC_SystemReset
                0x00000000000002b0       0x24 Output/ds_twr_resp nrf52832_xxaa/Obj/system_nrf52.o
 .text.SystemCoreClockUpdate
                0x00000000000002d4       0x14 Output/ds_twr_resp nrf52832_xxaa/Obj/system_nrf52.o
                0x00000000000002d4                SystemCoreClockUpdate
 .text.SystemInit
                0x00000000000002e8      0x2bc Output/ds_twr_resp nrf52832_xxaa/Obj/system_nrf52.o
                0x00000000000002e8                SystemInit
 .text.errata_12
                0x00000000000005a4       0x58 Output/ds_twr_resp nrf52832_xxaa/Obj/system_nrf52.o
 .text.errata_16
                0x00000000000005fc       0x38 Output/ds_twr_resp nrf52832_xxaa/Obj/system_nrf52.o
 .text.errata_31
                0x0000000000000634       0x58 Output/ds_twr_resp nrf52832_xxaa/Obj/system_nrf52.o
 .text.errata_32
                0x000000000000068c       0x38 Output/ds_twr_resp nrf52832_xxaa/Obj/system_nrf52.o
 .text.errata_36
                0x00000000000006c4       0x58 Output/ds_twr_resp nrf52832_xxaa/Obj/system_nrf52.o
 .text.errata_37
                0x000000000000071c       0x38 Output/ds_twr_resp nrf52832_xxaa/Obj/system_nrf52.o
 .text.errata_57
                0x0000000000000754       0x38 Output/ds_twr_resp nrf52832_xxaa/Obj/system_nrf52.o
 .text.errata_66
                0x000000000000078c       0x38 Output/ds_twr_resp nrf52832_xxaa/Obj/system_nrf52.o
 .text.errata_108
                0x00000000000007c4       0x58 Output/ds_twr_resp nrf52832_xxaa/Obj/system_nrf52.o
 .text.errata_136
                0x000000000000081c       0x58 Output/ds_twr_resp nrf52832_xxaa/Obj/system_nrf52.o
 .text.nrf_gpio_pin_port_decode
                0x0000000000000874        0xe Output/ds_twr_resp nrf52832_xxaa/Obj/main.o
 .text.nrf_gpio_cfg
                0x0000000000000882       0x62 Output/ds_twr_resp nrf52832_xxaa/Obj/main.o
 .text.nrf_gpio_cfg_output
                0x00000000000008e4       0x22 Output/ds_twr_resp nrf52832_xxaa/Obj/main.o
 .text.nrf_gpio_cfg_input
                0x0000000000000906       0x2c Output/ds_twr_resp nrf52832_xxaa/Obj/main.o
 .text.led_toggle_task_function
                0x0000000000000932       0x36 Output/ds_twr_resp nrf52832_xxaa/Obj/main.o
 .text.led_toggle_timer_callback
                0x0000000000000968       0x32 Output/ds_twr_resp nrf52832_xxaa/Obj/main.o
 *fill*         0x000000000000099a        0x2 
 .text.main     0x000000000000099c      0x128 Output/ds_twr_resp nrf52832_xxaa/Obj/main.o
                0x000000000000099c                main
 *fill*         0x0000000000000ac4        0x4 
 .text.ss_resp_run
                0x0000000000000ac8      0x3f4 Output/ds_twr_resp nrf52832_xxaa/Obj/ss_resp_main.o
                0x0000000000000ac8                ss_resp_run
 .text.get_rx_timestamp_u64
                0x0000000000000ebc       0x6c Output/ds_twr_resp nrf52832_xxaa/Obj/ss_resp_main.o
 .text.get_tx_timestamp_u64
                0x0000000000000f28       0x6c Output/ds_twr_resp nrf52832_xxaa/Obj/ss_resp_main.o
 .text.final_msg_get_ts
                0x0000000000000f94       0x40 Output/ds_twr_resp nrf52832_xxaa/Obj/ss_resp_main.o
 .text.final_msg_set_ts
                0x0000000000000fd4       0x4a Output/ds_twr_resp nrf52832_xxaa/Obj/ss_resp_main.o
 .text.ss_responder_task_function
                0x000000000000101e       0x50 Output/ds_twr_resp nrf52832_xxaa/Obj/ss_resp_main.o
                0x000000000000101e                ss_responder_task_function
 *fill*         0x000000000000106e        0x2 
 .text.__NVIC_EnableIRQ
                0x0000000000001070       0x34 Output/ds_twr_resp nrf52832_xxaa/Obj/nrf_drv_common.o
 .text.__NVIC_ClearPendingIRQ
                0x00000000000010a4       0x38 Output/ds_twr_resp nrf52832_xxaa/Obj/nrf_drv_common.o
 .text.__NVIC_SetPriority
                0x00000000000010dc       0x50 Output/ds_twr_resp nrf52832_xxaa/Obj/nrf_drv_common.o
 .text.nrf_drv_common_irq_enable
                0x000000000000112c       0x3e Output/ds_twr_resp nrf52832_xxaa/Obj/nrf_drv_common.o
                0x000000000000112c                nrf_drv_common_irq_enable
 .text.nrf_gpiote_event_is_set
                0x000000000000116a       0x2a Output/ds_twr_resp nrf52832_xxaa/Obj/nrf_drv_gpiote.o
 .text.nrf_gpiote_event_clear
                0x0000000000001194       0x36 Output/ds_twr_resp nrf52832_xxaa/Obj/nrf_drv_gpiote.o
 .text.nrf_gpiote_event_addr_get
                0x00000000000011ca       0x1a Output/ds_twr_resp nrf52832_xxaa/Obj/nrf_drv_gpiote.o
 .text.nrf_gpiote_int_is_enabled
                0x00000000000011e4       0x18 Output/ds_twr_resp nrf52832_xxaa/Obj/nrf_drv_gpiote.o
 .text.nrf_gpiote_event_pin_get
                0x00000000000011fc       0x20 Output/ds_twr_resp nrf52832_xxaa/Obj/nrf_drv_gpiote.o
 .text.nrf_gpiote_event_polarity_get
                0x000000000000121c       0x24 Output/ds_twr_resp nrf52832_xxaa/Obj/nrf_drv_gpiote.o
 .text.nrf_gpio_pin_port_decode
                0x0000000000001240        0xe Output/ds_twr_resp nrf52832_xxaa/Obj/nrf_drv_gpiote.o
 .text.nrf_gpio_cfg_sense_set
                0x000000000000124e       0x5c Output/ds_twr_resp nrf52832_xxaa/Obj/nrf_drv_gpiote.o
 .text.nrf_gpio_pin_sense_get
                0x00000000000012aa       0x2c Output/ds_twr_resp nrf52832_xxaa/Obj/nrf_drv_gpiote.o
 .text.nrf_gpio_port_in_read
                0x00000000000012d6       0x10 Output/ds_twr_resp nrf52832_xxaa/Obj/nrf_drv_gpiote.o
 .text.nrf_gpio_ports_read
                0x00000000000012e6       0x4e Output/ds_twr_resp nrf52832_xxaa/Obj/nrf_drv_gpiote.o
 .text.nrf_bitmask_bit_is_set
                0x0000000000001334       0x30 Output/ds_twr_resp nrf52832_xxaa/Obj/nrf_drv_gpiote.o
 .text.nrf_bitmask_bit_set
                0x0000000000001364       0x40 Output/ds_twr_resp nrf52832_xxaa/Obj/nrf_drv_gpiote.o
 .text.channel_port_get
                0x00000000000013a4       0x1c Output/ds_twr_resp nrf52832_xxaa/Obj/nrf_drv_gpiote.o
 .text.channel_handler_get
                0x00000000000013c0       0x18 Output/ds_twr_resp nrf52832_xxaa/Obj/nrf_drv_gpiote.o
 .text.GPIOTE_IRQHandler
                0x00000000000013d8      0x2e0 Output/ds_twr_resp nrf52832_xxaa/Obj/nrf_drv_gpiote.o
                0x00000000000013d8                GPIOTE_IRQHandler
 .text.__NVIC_DisableIRQ
                0x00000000000016b8       0x40 Output/ds_twr_resp nrf52832_xxaa/Obj/nrf_drv_spi.o
 .text.nrf_spi_event_clear
                0x00000000000016f8       0x2a Output/ds_twr_resp nrf52832_xxaa/Obj/nrf_drv_spi.o
 .text.nrf_spi_event_check
                0x0000000000001722       0x24 Output/ds_twr_resp nrf52832_xxaa/Obj/nrf_drv_spi.o
 .text.nrf_spi_int_enable
                0x0000000000001746       0x14 Output/ds_twr_resp nrf52832_xxaa/Obj/nrf_drv_spi.o
 .text.nrf_spi_int_disable
                0x000000000000175a       0x14 Output/ds_twr_resp nrf52832_xxaa/Obj/nrf_drv_spi.o
 .text.nrf_spi_enable
                0x000000000000176e       0x12 Output/ds_twr_resp nrf52832_xxaa/Obj/nrf_drv_spi.o
 .text.nrf_spi_disable
                0x0000000000001780       0x12 Output/ds_twr_resp nrf52832_xxaa/Obj/nrf_drv_spi.o
 .text.nrf_spi_pins_set
                0x0000000000001792       0x28 Output/ds_twr_resp nrf52832_xxaa/Obj/nrf_drv_spi.o
 .text.nrf_spi_txd_set
                0x00000000000017ba       0x1a Output/ds_twr_resp nrf52832_xxaa/Obj/nrf_drv_spi.o
 .text.nrf_spi_rxd_get
                0x00000000000017d4       0x12 Output/ds_twr_resp nrf52832_xxaa/Obj/nrf_drv_spi.o
 .text.nrf_spi_frequency_set
                0x00000000000017e6       0x14 Output/ds_twr_resp nrf52832_xxaa/Obj/nrf_drv_spi.o
 .text.nrf_spi_configure
                0x00000000000017fa       0x5e Output/ds_twr_resp nrf52832_xxaa/Obj/nrf_drv_spi.o
 .text.nrf_drv_common_irq_disable
                0x0000000000001858       0x1c Output/ds_twr_resp nrf52832_xxaa/Obj/nrf_drv_spi.o
 .text.nrf_gpio_pin_port_decode
                0x0000000000001874        0xe Output/ds_twr_resp nrf52832_xxaa/Obj/nrf_drv_spi.o
 .text.nrf_gpio_cfg
                0x0000000000001882       0x62 Output/ds_twr_resp nrf52832_xxaa/Obj/nrf_drv_spi.o
 .text.nrf_gpio_cfg_output
                0x00000000000018e4       0x22 Output/ds_twr_resp nrf52832_xxaa/Obj/nrf_drv_spi.o
 .text.nrf_gpio_cfg_input
                0x0000000000001906       0x2c Output/ds_twr_resp nrf52832_xxaa/Obj/nrf_drv_spi.o
 .text.nrf_gpio_pin_set
                0x0000000000001932       0x28 Output/ds_twr_resp nrf52832_xxaa/Obj/nrf_drv_spi.o
 .text.nrf_gpio_pin_clear
                0x000000000000195a       0x28 Output/ds_twr_resp nrf52832_xxaa/Obj/nrf_drv_spi.o
 .text.nrf_gpio_port_out_set
                0x0000000000001982       0x14 Output/ds_twr_resp nrf52832_xxaa/Obj/nrf_drv_spi.o
 .text.nrf_gpio_port_out_clear
                0x0000000000001996       0x14 Output/ds_twr_resp nrf52832_xxaa/Obj/nrf_drv_spi.o
 *fill*         0x00000000000019aa        0x2 
 .text.nrf_drv_spi_init
                0x00000000000019ac      0x188 Output/ds_twr_resp nrf52832_xxaa/Obj/nrf_drv_spi.o
                0x00000000000019ac                nrf_drv_spi_init
 .text.nrf_drv_spi_uninit
                0x0000000000001b34       0x60 Output/ds_twr_resp nrf52832_xxaa/Obj/nrf_drv_spi.o
                0x0000000000001b34                nrf_drv_spi_uninit
 .text.nrf_drv_spi_transfer
                0x0000000000001b94       0x3e Output/ds_twr_resp nrf52832_xxaa/Obj/nrf_drv_spi.o
                0x0000000000001b94                nrf_drv_spi_transfer
 .text.finish_transfer
                0x0000000000001bd2       0x3e Output/ds_twr_resp nrf52832_xxaa/Obj/nrf_drv_spi.o
 .text.transfer_byte
                0x0000000000001c10      0x108 Output/ds_twr_resp nrf52832_xxaa/Obj/nrf_drv_spi.o
 .text.spi_xfer
                0x0000000000001d18       0xca Output/ds_twr_resp nrf52832_xxaa/Obj/nrf_drv_spi.o
 *fill*         0x0000000000001de2        0x2 
 .text.nrf_drv_spi_xfer
                0x0000000000001de4       0xc4 Output/ds_twr_resp nrf52832_xxaa/Obj/nrf_drv_spi.o
                0x0000000000001de4                nrf_drv_spi_xfer
 .text.irq_handler_spi
                0x0000000000001ea8       0x34 Output/ds_twr_resp nrf52832_xxaa/Obj/nrf_drv_spi.o
 .text.SPIM1_SPIS1_TWIM1_TWIS1_SPI1_TWI1_IRQHandler
                0x0000000000001edc       0x20 Output/ds_twr_resp nrf52832_xxaa/Obj/nrf_drv_spi.o
                0x0000000000001edc                SPIM1_SPIS1_TWIM1_TWIS1_SPI1_TWI1_IRQHandler
 .text.nrf_uart_event_clear
                0x0000000000001efc       0x2a Output/ds_twr_resp nrf52832_xxaa/Obj/nrf_drv_uart.o
 .text.nrf_uart_event_check
                0x0000000000001f26       0x24 Output/ds_twr_resp nrf52832_xxaa/Obj/nrf_drv_uart.o
 .text.nrf_uart_int_enable
                0x0000000000001f4a       0x14 Output/ds_twr_resp nrf52832_xxaa/Obj/nrf_drv_uart.o
 .text.nrf_uart_int_enable_check
                0x0000000000001f5e       0x20 Output/ds_twr_resp nrf52832_xxaa/Obj/nrf_drv_uart.o
 .text.nrf_uart_int_disable
                0x0000000000001f7e       0x14 Output/ds_twr_resp nrf52832_xxaa/Obj/nrf_drv_uart.o
 .text.nrf_uart_errorsrc_get_and_clear
                0x0000000000001f92       0x1c Output/ds_twr_resp nrf52832_xxaa/Obj/nrf_drv_uart.o
 .text.nrf_uart_enable
                0x0000000000001fae       0x12 Output/ds_twr_resp nrf52832_xxaa/Obj/nrf_drv_uart.o
 .text.nrf_uart_txrx_pins_set
                0x0000000000001fc0       0x1e Output/ds_twr_resp nrf52832_xxaa/Obj/nrf_drv_uart.o
 .text.nrf_uart_hwfc_pins_set
                0x0000000000001fde       0x1e Output/ds_twr_resp nrf52832_xxaa/Obj/nrf_drv_uart.o
 .text.nrf_uart_rxd_get
                0x0000000000001ffc       0x12 Output/ds_twr_resp nrf52832_xxaa/Obj/nrf_drv_uart.o
 .text.nrf_uart_txd_set
                0x000000000000200e       0x1a Output/ds_twr_resp nrf52832_xxaa/Obj/nrf_drv_uart.o
 .text.nrf_uart_task_trigger
                0x0000000000002028       0x1c Output/ds_twr_resp nrf52832_xxaa/Obj/nrf_drv_uart.o
 .text.nrf_uart_configure
                0x0000000000002044       0x2a Output/ds_twr_resp nrf52832_xxaa/Obj/nrf_drv_uart.o
 .text.nrf_uart_baudrate_set
                0x000000000000206e       0x14 Output/ds_twr_resp nrf52832_xxaa/Obj/nrf_drv_uart.o
 .text.nrf_uarte_event_clear
                0x0000000000002082       0x2a Output/ds_twr_resp nrf52832_xxaa/Obj/nrf_drv_uart.o
 .text.nrf_uarte_event_check
                0x00000000000020ac       0x24 Output/ds_twr_resp nrf52832_xxaa/Obj/nrf_drv_uart.o
 .text.nrf_uarte_shorts_enable
                0x00000000000020d0       0x1c Output/ds_twr_resp nrf52832_xxaa/Obj/nrf_drv_uart.o
 .text.nrf_uarte_shorts_disable
                0x00000000000020ec       0x1e Output/ds_twr_resp nrf52832_xxaa/Obj/nrf_drv_uart.o
 .text.nrf_uarte_int_enable
                0x000000000000210a       0x14 Output/ds_twr_resp nrf52832_xxaa/Obj/nrf_drv_uart.o
 .text.nrf_uarte_int_disable
                0x000000000000211e       0x14 Output/ds_twr_resp nrf52832_xxaa/Obj/nrf_drv_uart.o
 .text.nrf_uarte_errorsrc_get_and_clear
                0x0000000000002132       0x1c Output/ds_twr_resp nrf52832_xxaa/Obj/nrf_drv_uart.o
 .text.nrf_uarte_enable
                0x000000000000214e       0x12 Output/ds_twr_resp nrf52832_xxaa/Obj/nrf_drv_uart.o
 .text.nrf_uarte_txrx_pins_set
                0x0000000000002160       0x1e Output/ds_twr_resp nrf52832_xxaa/Obj/nrf_drv_uart.o
 .text.nrf_uarte_hwfc_pins_set
                0x000000000000217e       0x1e Output/ds_twr_resp nrf52832_xxaa/Obj/nrf_drv_uart.o
 .text.nrf_uarte_task_trigger
                0x000000000000219c       0x1c Output/ds_twr_resp nrf52832_xxaa/Obj/nrf_drv_uart.o
 .text.nrf_uarte_configure
                0x00000000000021b8       0x2a Output/ds_twr_resp nrf52832_xxaa/Obj/nrf_drv_uart.o
 .text.nrf_uarte_baudrate_set
                0x00000000000021e2       0x14 Output/ds_twr_resp nrf52832_xxaa/Obj/nrf_drv_uart.o
 .text.nrf_uarte_tx_buffer_set
                0x00000000000021f6       0x24 Output/ds_twr_resp nrf52832_xxaa/Obj/nrf_drv_uart.o
 .text.nrf_uarte_tx_amount_get
                0x000000000000221a       0x10 Output/ds_twr_resp nrf52832_xxaa/Obj/nrf_drv_uart.o
 .text.nrf_uarte_rx_buffer_set
                0x000000000000222a       0x24 Output/ds_twr_resp nrf52832_xxaa/Obj/nrf_drv_uart.o
 .text.nrf_uarte_rx_amount_get
                0x000000000000224e       0x10 Output/ds_twr_resp nrf52832_xxaa/Obj/nrf_drv_uart.o
 .text.nrf_drv_get_IRQn
                0x000000000000225e       0x16 Output/ds_twr_resp nrf52832_xxaa/Obj/nrf_drv_uart.o
 .text.nrf_drv_is_in_RAM
                0x0000000000002274       0x1c Output/ds_twr_resp nrf52832_xxaa/Obj/nrf_drv_uart.o
 .text.nrf_gpio_pin_port_decode
                0x0000000000002290        0xe Output/ds_twr_resp nrf52832_xxaa/Obj/nrf_drv_uart.o
 .text.nrf_gpio_cfg
                0x000000000000229e       0x62 Output/ds_twr_resp nrf52832_xxaa/Obj/nrf_drv_uart.o
 .text.nrf_gpio_cfg_output
                0x0000000000002300       0x22 Output/ds_twr_resp nrf52832_xxaa/Obj/nrf_drv_uart.o
 .text.nrf_gpio_cfg_input
                0x0000000000002322       0x2c Output/ds_twr_resp nrf52832_xxaa/Obj/nrf_drv_uart.o
 .text.nrf_gpio_pin_set
                0x000000000000234e       0x28 Output/ds_twr_resp nrf52832_xxaa/Obj/nrf_drv_uart.o
 .text.nrf_gpio_port_out_set
                0x0000000000002376       0x14 Output/ds_twr_resp nrf52832_xxaa/Obj/nrf_drv_uart.o
 *fill*         0x000000000000238a        0x2 
 .text.apply_config
                0x000000000000238c      0x160 Output/ds_twr_resp nrf52832_xxaa/Obj/nrf_drv_uart.o
 .text.interrupts_enable
                0x00000000000024ec       0xd4 Output/ds_twr_resp nrf52832_xxaa/Obj/nrf_drv_uart.o
 .text.uart_enable
                0x00000000000025c0       0x3c Output/ds_twr_resp nrf52832_xxaa/Obj/nrf_drv_uart.o
 .text.nrf_drv_uart_init
                0x00000000000025fc       0x90 Output/ds_twr_resp nrf52832_xxaa/Obj/nrf_drv_uart.o
                0x00000000000025fc                nrf_drv_uart_init
 .text.tx_byte  0x000000000000268c       0x46 Output/ds_twr_resp nrf52832_xxaa/Obj/nrf_drv_uart.o
 *fill*         0x00000000000026d2        0x2 
 .text.nrf_drv_uart_tx_for_uart
                0x00000000000026d4       0xe4 Output/ds_twr_resp nrf52832_xxaa/Obj/nrf_drv_uart.o
 .text.nrf_drv_uart_tx_for_uarte
                0x00000000000027b8       0xbc Output/ds_twr_resp nrf52832_xxaa/Obj/nrf_drv_uart.o
 .text.nrf_drv_uart_tx
                0x0000000000002874       0xa0 Output/ds_twr_resp nrf52832_xxaa/Obj/nrf_drv_uart.o
                0x0000000000002874                nrf_drv_uart_tx
 .text.nrf_drv_uart_tx_in_progress
                0x0000000000002914       0x28 Output/ds_twr_resp nrf52832_xxaa/Obj/nrf_drv_uart.o
                0x0000000000002914                nrf_drv_uart_tx_in_progress
 .text.rx_enable
                0x000000000000293c       0x36 Output/ds_twr_resp nrf52832_xxaa/Obj/nrf_drv_uart.o
 .text.rx_byte  0x0000000000002972       0x54 Output/ds_twr_resp nrf52832_xxaa/Obj/nrf_drv_uart.o
 *fill*         0x00000000000029c6        0x2 
 .text.nrf_drv_uart_rx_for_uart
                0x00000000000029c8      0x158 Output/ds_twr_resp nrf52832_xxaa/Obj/nrf_drv_uart.o
 .text.nrf_drv_uart_rx_for_uarte
                0x0000000000002b20      0x130 Output/ds_twr_resp nrf52832_xxaa/Obj/nrf_drv_uart.o
 .text.nrf_drv_uart_rx
                0x0000000000002c50      0x158 Output/ds_twr_resp nrf52832_xxaa/Obj/nrf_drv_uart.o
                0x0000000000002c50                nrf_drv_uart_rx
 .text.nrf_drv_uart_rx_enable
                0x0000000000002da8       0x54 Output/ds_twr_resp nrf52832_xxaa/Obj/nrf_drv_uart.o
                0x0000000000002da8                nrf_drv_uart_rx_enable
 .text.rx_done_event
                0x0000000000002dfc       0x36 Output/ds_twr_resp nrf52832_xxaa/Obj/nrf_drv_uart.o
 .text.tx_done_event
                0x0000000000002e32       0x3c Output/ds_twr_resp nrf52832_xxaa/Obj/nrf_drv_uart.o
 .text.uart_irq_handler
                0x0000000000002e6e      0x1d4 Output/ds_twr_resp nrf52832_xxaa/Obj/nrf_drv_uart.o
 .text.uarte_irq_handler
                0x0000000000003042      0x160 Output/ds_twr_resp nrf52832_xxaa/Obj/nrf_drv_uart.o
 *fill*         0x00000000000031a2        0x2 
 .text.UARTE0_UART0_IRQHandler
                0x00000000000031a4       0x28 Output/ds_twr_resp nrf52832_xxaa/Obj/nrf_drv_uart.o
                0x00000000000031a4                UARTE0_UART0_IRQHandler
 .text.nrf_clock_int_enable
                0x00000000000031cc       0x14 Output/ds_twr_resp nrf52832_xxaa/Obj/nrf_drv_clock.o
 .text.nrf_clock_int_disable
                0x00000000000031e0       0x14 Output/ds_twr_resp nrf52832_xxaa/Obj/nrf_drv_clock.o
 .text.nrf_clock_task_trigger
                0x00000000000031f4       0x1a Output/ds_twr_resp nrf52832_xxaa/Obj/nrf_drv_clock.o
 .text.nrf_clock_event_clear
                0x000000000000320e       0x28 Output/ds_twr_resp nrf52832_xxaa/Obj/nrf_drv_clock.o
 .text.nrf_clock_event_check
                0x0000000000003236       0x22 Output/ds_twr_resp nrf52832_xxaa/Obj/nrf_drv_clock.o
 .text.lfclk_start
                0x0000000000003258       0x1a Output/ds_twr_resp nrf52832_xxaa/Obj/nrf_drv_clock.o
 .text.item_enqueue
                0x0000000000003272       0x38 Output/ds_twr_resp nrf52832_xxaa/Obj/nrf_drv_clock.o
 .text.item_dequeue
                0x00000000000032aa       0x20 Output/ds_twr_resp nrf52832_xxaa/Obj/nrf_drv_clock.o
 *fill*         0x00000000000032ca        0x2 
 .text.nrf_drv_clock_lfclk_request
                0x00000000000032cc       0x78 Output/ds_twr_resp nrf52832_xxaa/Obj/nrf_drv_clock.o
                0x00000000000032cc                nrf_drv_clock_lfclk_request
 .text.clock_clk_started_notify
                0x0000000000003344       0x4c Output/ds_twr_resp nrf52832_xxaa/Obj/nrf_drv_clock.o
 .text.POWER_CLOCK_IRQHandler
                0x0000000000003390       0x5c Output/ds_twr_resp nrf52832_xxaa/Obj/nrf_drv_clock.o
                0x0000000000003390                POWER_CLOCK_IRQHandler
 .text.dwt_initialise
                0x00000000000033ec      0x184 Output/ds_twr_resp nrf52832_xxaa/Obj/deca_device.o
                0x00000000000033ec                dwt_initialise
 .text.dwt_readdevid
                0x0000000000003570       0x10 Output/ds_twr_resp nrf52832_xxaa/Obj/deca_device.o
                0x0000000000003570                dwt_readdevid
 .text.dwt_configure
                0x0000000000003580      0x304 Output/ds_twr_resp nrf52832_xxaa/Obj/deca_device.o
                0x0000000000003580                dwt_configure
 .text.dwt_setrxantennadelay
                0x0000000000003884       0x22 Output/ds_twr_resp nrf52832_xxaa/Obj/deca_device.o
                0x0000000000003884                dwt_setrxantennadelay
 .text.dwt_settxantennadelay
                0x00000000000038a6       0x20 Output/ds_twr_resp nrf52832_xxaa/Obj/deca_device.o
                0x00000000000038a6                dwt_settxantennadelay
 .text.dwt_writetxdata
                0x00000000000038c6       0x46 Output/ds_twr_resp nrf52832_xxaa/Obj/deca_device.o
                0x00000000000038c6                dwt_writetxdata
 .text.dwt_writetxfctrl
                0x000000000000390c       0x44 Output/ds_twr_resp nrf52832_xxaa/Obj/deca_device.o
                0x000000000000390c                dwt_writetxfctrl
 .text.dwt_readrxdata
                0x0000000000003950       0x2a Output/ds_twr_resp nrf52832_xxaa/Obj/deca_device.o
                0x0000000000003950                dwt_readrxdata
 .text.dwt_readtxtimestamp
                0x000000000000397a       0x1a Output/ds_twr_resp nrf52832_xxaa/Obj/deca_device.o
                0x000000000000397a                dwt_readtxtimestamp
 .text.dwt_readrxtimestamp
                0x0000000000003994       0x1a Output/ds_twr_resp nrf52832_xxaa/Obj/deca_device.o
                0x0000000000003994                dwt_readrxtimestamp
 .text.dwt_writetodevice
                0x00000000000039ae       0xbc Output/ds_twr_resp nrf52832_xxaa/Obj/deca_device.o
                0x00000000000039ae                dwt_writetodevice
 .text.dwt_readfromdevice
                0x0000000000003a6a       0xb6 Output/ds_twr_resp nrf52832_xxaa/Obj/deca_device.o
                0x0000000000003a6a                dwt_readfromdevice
 .text.dwt_read32bitoffsetreg
                0x0000000000003b20       0x48 Output/ds_twr_resp nrf52832_xxaa/Obj/deca_device.o
                0x0000000000003b20                dwt_read32bitoffsetreg
 .text.dwt_read16bitoffsetreg
                0x0000000000003b68       0x40 Output/ds_twr_resp nrf52832_xxaa/Obj/deca_device.o
                0x0000000000003b68                dwt_read16bitoffsetreg
 .text.dwt_read8bitoffsetreg
                0x0000000000003ba8       0x26 Output/ds_twr_resp nrf52832_xxaa/Obj/deca_device.o
                0x0000000000003ba8                dwt_read8bitoffsetreg
 .text.dwt_write8bitoffsetreg
                0x0000000000003bce       0x28 Output/ds_twr_resp nrf52832_xxaa/Obj/deca_device.o
                0x0000000000003bce                dwt_write8bitoffsetreg
 .text.dwt_write16bitoffsetreg
                0x0000000000003bf6       0x3e Output/ds_twr_resp nrf52832_xxaa/Obj/deca_device.o
                0x0000000000003bf6                dwt_write16bitoffsetreg
 .text.dwt_write32bitoffsetreg
                0x0000000000003c34       0x48 Output/ds_twr_resp nrf52832_xxaa/Obj/deca_device.o
                0x0000000000003c34                dwt_write32bitoffsetreg
 .text._dwt_otpread
                0x0000000000003c7c       0x3c Output/ds_twr_resp nrf52832_xxaa/Obj/deca_device.o
                0x0000000000003c7c                _dwt_otpread
 .text._dwt_aonarrayupload
                0x0000000000003cb8       0x1a Output/ds_twr_resp nrf52832_xxaa/Obj/deca_device.o
                0x0000000000003cb8                _dwt_aonarrayupload
 .text._dwt_configlde
                0x0000000000003cd2       0x3e Output/ds_twr_resp nrf52832_xxaa/Obj/deca_device.o
                0x0000000000003cd2                _dwt_configlde
 .text._dwt_loaducodefromrom
                0x0000000000003d10       0x24 Output/ds_twr_resp nrf52832_xxaa/Obj/deca_device.o
                0x0000000000003d10                _dwt_loaducodefromrom
 .text.dwt_setrxaftertxdelay
                0x0000000000003d34       0x36 Output/ds_twr_resp nrf52832_xxaa/Obj/deca_device.o
                0x0000000000003d34                dwt_setrxaftertxdelay
 .text.dwt_setleds
                0x0000000000003d6a       0xbe Output/ds_twr_resp nrf52832_xxaa/Obj/deca_device.o
                0x0000000000003d6a                dwt_setleds
 .text._dwt_enableclocks
                0x0000000000003e28      0x158 Output/ds_twr_resp nrf52832_xxaa/Obj/deca_device.o
                0x0000000000003e28                _dwt_enableclocks
 .text._dwt_disablesequencing
                0x0000000000003f80       0x16 Output/ds_twr_resp nrf52832_xxaa/Obj/deca_device.o
                0x0000000000003f80                _dwt_disablesequencing
 *fill*         0x0000000000003f96        0x2 
 .text.dwt_starttx
                0x0000000000003f98       0xd4 Output/ds_twr_resp nrf52832_xxaa/Obj/deca_device.o
                0x0000000000003f98                dwt_starttx
 .text.dwt_forcetrxoff
                0x000000000000406c       0x60 Output/ds_twr_resp nrf52832_xxaa/Obj/deca_device.o
                0x000000000000406c                dwt_forcetrxoff
 .text.dwt_syncrxbufptrs
                0x00000000000040cc       0x38 Output/ds_twr_resp nrf52832_xxaa/Obj/deca_device.o
                0x00000000000040cc                dwt_syncrxbufptrs
 .text.dwt_rxenable
                0x0000000000004104       0x8e Output/ds_twr_resp nrf52832_xxaa/Obj/deca_device.o
                0x0000000000004104                dwt_rxenable
 *fill*         0x0000000000004192        0x2 
 .text.dwt_setrxtimeout
                0x0000000000004194       0x90 Output/ds_twr_resp nrf52832_xxaa/Obj/deca_device.o
                0x0000000000004194                dwt_setrxtimeout
 .text.dwt_setpreambledetecttimeout
                0x0000000000004224       0x20 Output/ds_twr_resp nrf52832_xxaa/Obj/deca_device.o
                0x0000000000004224                dwt_setpreambledetecttimeout
 .text.dwt_rxreset
                0x0000000000004244       0x1a Output/ds_twr_resp nrf52832_xxaa/Obj/deca_device.o
                0x0000000000004244                dwt_rxreset
 *fill*         0x000000000000425e        0x2 
 .text.dwt_softreset
                0x0000000000004260       0x48 Output/ds_twr_resp nrf52832_xxaa/Obj/deca_device.o
                0x0000000000004260                dwt_softreset
 .text.dwt_setxtaltrim
                0x00000000000042a8       0x34 Output/ds_twr_resp nrf52832_xxaa/Obj/deca_device.o
                0x00000000000042a8                dwt_setxtaltrim
 .text.nrf_gpio_pin_port_decode
                0x00000000000042dc        0xe Output/ds_twr_resp nrf52832_xxaa/Obj/port_platform.o
 .text.nrf_gpio_cfg
                0x00000000000042ea       0x62 Output/ds_twr_resp nrf52832_xxaa/Obj/port_platform.o
 .text.nrf_gpio_cfg_output
                0x000000000000434c       0x22 Output/ds_twr_resp nrf52832_xxaa/Obj/port_platform.o
 .text.nrf_gpio_cfg_input
                0x000000000000436e       0x2c Output/ds_twr_resp nrf52832_xxaa/Obj/port_platform.o
 .text.nrf_gpio_pin_clear
                0x000000000000439a       0x28 Output/ds_twr_resp nrf52832_xxaa/Obj/port_platform.o
 .text.nrf_gpio_port_out_clear
                0x00000000000043c2       0x14 Output/ds_twr_resp nrf52832_xxaa/Obj/port_platform.o
 *fill*         0x00000000000043d6        0x2 
 .text.nrf_delay_us
                0x00000000000043d8       0xa0 Output/ds_twr_resp nrf52832_xxaa/Obj/port_platform.o
 .text.nrf_delay_ms
                0x0000000000004478       0x1e Output/ds_twr_resp nrf52832_xxaa/Obj/port_platform.o
 *fill*         0x0000000000004496        0x2 
 .text.spi_event_handler
                0x0000000000004498       0x18 Output/ds_twr_resp nrf52832_xxaa/Obj/port_platform.o
                0x0000000000004498                spi_event_handler
 .text.readfromspi
                0x00000000000044b0      0x138 Output/ds_twr_resp nrf52832_xxaa/Obj/port_platform.o
                0x00000000000044b0                readfromspi
 .text.writetospi
                0x00000000000045e8      0x124 Output/ds_twr_resp nrf52832_xxaa/Obj/port_platform.o
                0x00000000000045e8                writetospi
 .text.reset_DW1000
                0x000000000000470c       0x26 Output/ds_twr_resp nrf52832_xxaa/Obj/port_platform.o
                0x000000000000470c                reset_DW1000
 *fill*         0x0000000000004732        0x2 
 .text.port_set_dw1000_slowrate
                0x0000000000004734       0x48 Output/ds_twr_resp nrf52832_xxaa/Obj/port_platform.o
                0x0000000000004734                port_set_dw1000_slowrate
 .text.port_set_dw1000_fastrate
                0x000000000000477c       0x4c Output/ds_twr_resp nrf52832_xxaa/Obj/port_platform.o
                0x000000000000477c                port_set_dw1000_fastrate
 .text.deca_sleep
                0x00000000000047c8       0x14 Output/ds_twr_resp nrf52832_xxaa/Obj/port_platform.o
                0x00000000000047c8                deca_sleep
 .text.decamutexon
                0x00000000000047dc        0x6 Output/ds_twr_resp nrf52832_xxaa/Obj/port_platform.o
                0x00000000000047dc                decamutexon
 .text.decamutexoff
                0x00000000000047e2        0xa Output/ds_twr_resp nrf52832_xxaa/Obj/port_platform.o
                0x00000000000047e2                decamutexoff
 .text.vListInitialise
                0x00000000000047ec       0x36 Output/ds_twr_resp nrf52832_xxaa/Obj/list.o
                0x00000000000047ec                vListInitialise
 .text.vListInitialiseItem
                0x0000000000004822       0x10 Output/ds_twr_resp nrf52832_xxaa/Obj/list.o
                0x0000000000004822                vListInitialiseItem
 .text.vListInsertEnd
                0x0000000000004832       0x3e Output/ds_twr_resp nrf52832_xxaa/Obj/list.o
                0x0000000000004832                vListInsertEnd
 .text.vListInsert
                0x0000000000004870       0x68 Output/ds_twr_resp nrf52832_xxaa/Obj/list.o
                0x0000000000004870                vListInsert
 .text.uxListRemove
                0x00000000000048d8       0x4a Output/ds_twr_resp nrf52832_xxaa/Obj/list.o
                0x00000000000048d8                uxListRemove
 .text.ulPortRaiseBASEPRI
                0x0000000000004922       0x1e Output/ds_twr_resp nrf52832_xxaa/Obj/queue.o
 .text.xQueueGenericReset
                0x0000000000004940       0xb4 Output/ds_twr_resp nrf52832_xxaa/Obj/queue.o
                0x0000000000004940                xQueueGenericReset
 .text.xQueueGenericCreate
                0x00000000000049f4       0x7a Output/ds_twr_resp nrf52832_xxaa/Obj/queue.o
                0x00000000000049f4                xQueueGenericCreate
 *fill*         0x0000000000004a6e        0x2 
 .text.xQueueGenericSend
                0x0000000000004a70      0x148 Output/ds_twr_resp nrf52832_xxaa/Obj/queue.o
                0x0000000000004a70                xQueueGenericSend
 .text.xQueueGenericSendFromISR
                0x0000000000004bb8       0x8a Output/ds_twr_resp nrf52832_xxaa/Obj/queue.o
                0x0000000000004bb8                xQueueGenericSendFromISR
 *fill*         0x0000000000004c42        0x2 
 .text.xQueueGenericReceive
                0x0000000000004c44      0x194 Output/ds_twr_resp nrf52832_xxaa/Obj/queue.o
                0x0000000000004c44                xQueueGenericReceive
 .text.prvCopyDataToQueue
                0x0000000000004dd8       0xd4 Output/ds_twr_resp nrf52832_xxaa/Obj/queue.o
 .text.prvCopyDataFromQueue
                0x0000000000004eac       0x4a Output/ds_twr_resp nrf52832_xxaa/Obj/queue.o
 .text.prvUnlockQueue
                0x0000000000004ef6       0x96 Output/ds_twr_resp nrf52832_xxaa/Obj/queue.o
 .text.prvIsQueueEmpty
                0x0000000000004f8c       0x2a Output/ds_twr_resp nrf52832_xxaa/Obj/queue.o
 .text.prvIsQueueFull
                0x0000000000004fb6       0x2e Output/ds_twr_resp nrf52832_xxaa/Obj/queue.o
 .text.vQueueAddToRegistry
                0x0000000000004fe4       0x48 Output/ds_twr_resp nrf52832_xxaa/Obj/queue.o
                0x0000000000004fe4                vQueueAddToRegistry
 .text.vQueueWaitForMessageRestricted
                0x000000000000502c       0x56 Output/ds_twr_resp nrf52832_xxaa/Obj/queue.o
                0x000000000000502c                vQueueWaitForMessageRestricted
 *fill*         0x0000000000005082        0x2 
 .text.xTaskGenericCreate
                0x0000000000005084      0x150 Output/ds_twr_resp nrf52832_xxaa/Obj/tasks.o
                0x0000000000005084                xTaskGenericCreate
 .text.vTaskDelay
                0x00000000000051d4       0x64 Output/ds_twr_resp nrf52832_xxaa/Obj/tasks.o
                0x00000000000051d4                vTaskDelay
 .text.vTaskStartScheduler
                0x0000000000005238       0x6c Output/ds_twr_resp nrf52832_xxaa/Obj/tasks.o
                0x0000000000005238                vTaskStartScheduler
 .text.vTaskSuspendAll
                0x00000000000052a4       0x14 Output/ds_twr_resp nrf52832_xxaa/Obj/tasks.o
                0x00000000000052a4                vTaskSuspendAll
 .text.xTaskResumeAll
                0x00000000000052b8      0x10c Output/ds_twr_resp nrf52832_xxaa/Obj/tasks.o
                0x00000000000052b8                xTaskResumeAll
 .text.xTaskGetTickCount
                0x00000000000053c4       0x14 Output/ds_twr_resp nrf52832_xxaa/Obj/tasks.o
                0x00000000000053c4                xTaskGetTickCount
 .text.xTaskIncrementTick
                0x00000000000053d8      0x13c Output/ds_twr_resp nrf52832_xxaa/Obj/tasks.o
                0x00000000000053d8                xTaskIncrementTick
 .text.vTaskSwitchContext
                0x0000000000005514       0x90 Output/ds_twr_resp nrf52832_xxaa/Obj/tasks.o
                0x0000000000005514                vTaskSwitchContext
 .text.vTaskPlaceOnEventList
                0x00000000000055a4       0x60 Output/ds_twr_resp nrf52832_xxaa/Obj/tasks.o
                0x00000000000055a4                vTaskPlaceOnEventList
 .text.vTaskPlaceOnEventListRestricted
                0x0000000000005604       0x44 Output/ds_twr_resp nrf52832_xxaa/Obj/tasks.o
                0x0000000000005604                vTaskPlaceOnEventListRestricted
 .text.xTaskRemoveFromEventList
                0x0000000000005648       0xa8 Output/ds_twr_resp nrf52832_xxaa/Obj/tasks.o
                0x0000000000005648                xTaskRemoveFromEventList
 .text.vTaskSetTimeOutState
                0x00000000000056f0       0x24 Output/ds_twr_resp nrf52832_xxaa/Obj/tasks.o
                0x00000000000056f0                vTaskSetTimeOutState
 .text.xTaskCheckForTimeOut
                0x0000000000005714       0x88 Output/ds_twr_resp nrf52832_xxaa/Obj/tasks.o
                0x0000000000005714                xTaskCheckForTimeOut
 .text.vTaskMissedYield
                0x000000000000579c       0x10 Output/ds_twr_resp nrf52832_xxaa/Obj/tasks.o
                0x000000000000579c                vTaskMissedYield
 .text.prvIdleTask
                0x00000000000057ac       0x30 Output/ds_twr_resp nrf52832_xxaa/Obj/tasks.o
 .text.prvInitialiseTCBVariables
                0x00000000000057dc       0xa6 Output/ds_twr_resp nrf52832_xxaa/Obj/tasks.o
 *fill*         0x0000000000005882        0x2 
 .text.prvInitialiseTaskLists
                0x0000000000005884       0x7c Output/ds_twr_resp nrf52832_xxaa/Obj/tasks.o
 .text.prvCheckTasksWaitingTermination
                0x0000000000005900       0x74 Output/ds_twr_resp nrf52832_xxaa/Obj/tasks.o
 .text.prvAddCurrentTaskToDelayedList
                0x0000000000005974       0x6c Output/ds_twr_resp nrf52832_xxaa/Obj/tasks.o
 .text.prvAllocateTCBAndStack
                0x00000000000059e0       0x70 Output/ds_twr_resp nrf52832_xxaa/Obj/tasks.o
 .text.prvDeleteTCB
                0x0000000000005a50       0x1e Output/ds_twr_resp nrf52832_xxaa/Obj/tasks.o
 *fill*         0x0000000000005a6e        0x2 
 .text.prvResetNextTaskUnblockTime
                0x0000000000005a70       0x40 Output/ds_twr_resp nrf52832_xxaa/Obj/tasks.o
 .text.xTaskGetSchedulerState
                0x0000000000005ab0       0x34 Output/ds_twr_resp nrf52832_xxaa/Obj/tasks.o
                0x0000000000005ab0                xTaskGetSchedulerState
 .text.vTaskPriorityInherit
                0x0000000000005ae4       0xbc Output/ds_twr_resp nrf52832_xxaa/Obj/tasks.o
                0x0000000000005ae4                vTaskPriorityInherit
 .text.xTaskPriorityDisinherit
                0x0000000000005ba0       0x98 Output/ds_twr_resp nrf52832_xxaa/Obj/tasks.o
                0x0000000000005ba0                xTaskPriorityDisinherit
 .text.pvTaskIncrementMutexHeldCount
                0x0000000000005c38       0x20 Output/ds_twr_resp nrf52832_xxaa/Obj/tasks.o
                0x0000000000005c38                pvTaskIncrementMutexHeldCount
 .text.xTimerCreateTimerTask
                0x0000000000005c58       0x4c Output/ds_twr_resp nrf52832_xxaa/Obj/timers.o
                0x0000000000005c58                xTimerCreateTimerTask
 .text.xTimerCreate
                0x0000000000005ca4       0x5c Output/ds_twr_resp nrf52832_xxaa/Obj/timers.o
                0x0000000000005ca4                xTimerCreate
 .text.xTimerGenericCommand
                0x0000000000005d00       0x78 Output/ds_twr_resp nrf52832_xxaa/Obj/timers.o
                0x0000000000005d00                xTimerGenericCommand
 .text.prvProcessExpiredTimer
                0x0000000000005d78       0x64 Output/ds_twr_resp nrf52832_xxaa/Obj/timers.o
 .text.prvTimerTask
                0x0000000000005ddc       0x20 Output/ds_twr_resp nrf52832_xxaa/Obj/timers.o
 .text.prvProcessTimerOrBlockTask
                0x0000000000005dfc       0x7c Output/ds_twr_resp nrf52832_xxaa/Obj/timers.o
 .text.prvGetNextExpireTime
                0x0000000000005e78       0x40 Output/ds_twr_resp nrf52832_xxaa/Obj/timers.o
 .text.prvSampleTimeNow
                0x0000000000005eb8       0x3c Output/ds_twr_resp nrf52832_xxaa/Obj/timers.o
 .text.prvInsertTimerInActiveList
                0x0000000000005ef4       0x84 Output/ds_twr_resp nrf52832_xxaa/Obj/timers.o
 .text.prvProcessReceivedCommands
                0x0000000000005f78      0x104 Output/ds_twr_resp nrf52832_xxaa/Obj/timers.o
 .text.prvSwitchTimerLists
                0x000000000000607c       0xa4 Output/ds_twr_resp nrf52832_xxaa/Obj/timers.o
 .text.prvCheckForValidListAndQueue
                0x0000000000006120       0x6c Output/ds_twr_resp nrf52832_xxaa/Obj/timers.o
 .text.pvPortMalloc
                0x000000000000618c       0x88 Output/ds_twr_resp nrf52832_xxaa/Obj/heap_1.o
                0x000000000000618c                pvPortMalloc
 .text.vPortFree
                0x0000000000006214        0xa Output/ds_twr_resp nrf52832_xxaa/Obj/heap_1.o
                0x0000000000006214                vPortFree
 *fill*         0x000000000000621e        0x2 
 .text.__NVIC_SetPriority
                0x0000000000006220       0x50 Output/ds_twr_resp nrf52832_xxaa/Obj/port_cmsis.o
 .text.pxPortInitialiseStack
                0x0000000000006270       0x60 Output/ds_twr_resp nrf52832_xxaa/Obj/port_cmsis.o
                0x0000000000006270                pxPortInitialiseStack
 .text.prvTaskExitError
                0x00000000000062d0        0xe Output/ds_twr_resp nrf52832_xxaa/Obj/port_cmsis.o
 *fill*         0x00000000000062de        0x2 
 .text.xPortStartScheduler
                0x00000000000062e0       0x4c Output/ds_twr_resp nrf52832_xxaa/Obj/port_cmsis.o
                0x00000000000062e0                xPortStartScheduler
 .text.vPortEnterCritical
                0x000000000000632c       0x20 Output/ds_twr_resp nrf52832_xxaa/Obj/port_cmsis.o
                0x000000000000632c                vPortEnterCritical
 .text.vPortExitCritical
                0x000000000000634c       0x28 Output/ds_twr_resp nrf52832_xxaa/Obj/port_cmsis.o
                0x000000000000634c                vPortExitCritical
 .text.vPortEnableVFP
                0x0000000000006374       0x18 Output/ds_twr_resp nrf52832_xxaa/Obj/port_cmsis.o
 .text.__NVIC_EnableIRQ
                0x000000000000638c       0x34 Output/ds_twr_resp nrf52832_xxaa/Obj/port_cmsis_systick.o
 .text.__NVIC_SetPriority
                0x00000000000063c0       0x50 Output/ds_twr_resp nrf52832_xxaa/Obj/port_cmsis_systick.o
 .text.ulPortRaiseBASEPRI
                0x0000000000006410       0x1e Output/ds_twr_resp nrf52832_xxaa/Obj/port_cmsis_systick.o
 .text.nrf_rtc_int_enable
                0x000000000000642e       0x14 Output/ds_twr_resp nrf52832_xxaa/Obj/port_cmsis_systick.o
 .text.nrf_rtc_event_clear
                0x0000000000006442       0x2a Output/ds_twr_resp nrf52832_xxaa/Obj/port_cmsis_systick.o
 .text.nrf_rtc_counter_get
                0x000000000000646c       0x10 Output/ds_twr_resp nrf52832_xxaa/Obj/port_cmsis_systick.o
 .text.nrf_rtc_prescaler_set
                0x000000000000647c       0x14 Output/ds_twr_resp nrf52832_xxaa/Obj/port_cmsis_systick.o
 .text.nrf_rtc_task_trigger
                0x0000000000006490       0x1e Output/ds_twr_resp nrf52832_xxaa/Obj/port_cmsis_systick.o
 .text.nrf_rtc_event_enable
                0x00000000000064ae       0x14 Output/ds_twr_resp nrf52832_xxaa/Obj/port_cmsis_systick.o
 *fill*         0x00000000000064c2        0x2 
 .text.RTC1_IRQHandler
                0x00000000000064c4       0x88 Output/ds_twr_resp nrf52832_xxaa/Obj/port_cmsis_systick.o
                0x00000000000064c4                RTC1_IRQHandler
 .text.vPortSetupTimerInterrupt
                0x000000000000654c       0x48 Output/ds_twr_resp nrf52832_xxaa/Obj/port_cmsis_systick.o
                0x000000000000654c                vPortSetupTimerInterrupt
 .text.vPortStartFirstTask
                0x0000000000006594       0x20 Output/ds_twr_resp nrf52832_xxaa/Obj/port.o
                0x0000000000006594                vPortStartFirstTask
 .text.SVC_Handler
                0x00000000000065b4       0x24 Output/ds_twr_resp nrf52832_xxaa/Obj/port.o
                0x00000000000065b4                SVC_Handler
 .text.PendSV_Handler
                0x00000000000065d8       0x64 Output/ds_twr_resp nrf52832_xxaa/Obj/port.o
                0x00000000000065d8                PendSV_Handler
 .text.boUART_Init
                0x000000000000663c       0x48 Output/ds_twr_resp nrf52832_xxaa/Obj/UART.o
                0x000000000000663c                boUART_Init
 .text.vUartErrorHandle
                0x0000000000006684       0x34 Output/ds_twr_resp nrf52832_xxaa/Obj/UART.o
 .text.vHandleUartInternalErrors
                0x00000000000066b8        0xa Output/ds_twr_resp nrf52832_xxaa/Obj/UART.o
 .text.app_error_handler_bare
                0x00000000000066c2       0x2a Output/ds_twr_resp nrf52832_xxaa/Obj/app_error.o
                0x00000000000066c2                app_error_handler_bare
 .text.__NVIC_SystemReset
                0x00000000000066ec       0x24 Output/ds_twr_resp nrf52832_xxaa/Obj/app_error_weak.o
 .text.app_error_fault_handler
                0x0000000000006710       0x20 Output/ds_twr_resp nrf52832_xxaa/Obj/app_error_weak.o
                0x0000000000006710                app_error_fault_handler
 .text.app_util_disable_irq
                0x0000000000006730       0x14 Output/ds_twr_resp nrf52832_xxaa/Obj/app_util_platform.o
                0x0000000000006730                app_util_disable_irq
 .text.app_util_enable_irq
                0x0000000000006744       0x1c Output/ds_twr_resp nrf52832_xxaa/Obj/app_util_platform.o
                0x0000000000006744                app_util_enable_irq
 .text.app_util_critical_region_enter
                0x0000000000006760       0x12 Output/ds_twr_resp nrf52832_xxaa/Obj/app_util_platform.o
                0x0000000000006760                app_util_critical_region_enter
 .text.app_util_critical_region_exit
                0x0000000000006772       0x16 Output/ds_twr_resp nrf52832_xxaa/Obj/app_util_platform.o
                0x0000000000006772                app_util_critical_region_exit
 .text.fifo_length
                0x0000000000006788       0x18 Output/ds_twr_resp nrf52832_xxaa/Obj/app_fifo.o
 .text.fifo_put
                0x00000000000067a0       0x30 Output/ds_twr_resp nrf52832_xxaa/Obj/app_fifo.o
 .text.fifo_peek
                0x00000000000067d0       0x2e Output/ds_twr_resp nrf52832_xxaa/Obj/app_fifo.o
 .text.fifo_get
                0x00000000000067fe       0x24 Output/ds_twr_resp nrf52832_xxaa/Obj/app_fifo.o
 .text.app_fifo_init
                0x0000000000006822       0x58 Output/ds_twr_resp nrf52832_xxaa/Obj/app_fifo.o
                0x0000000000006822                app_fifo_init
 .text.app_fifo_put
                0x000000000000687a       0x36 Output/ds_twr_resp nrf52832_xxaa/Obj/app_fifo.o
                0x000000000000687a                app_fifo_put
 .text.app_fifo_get
                0x00000000000068b0       0x2a Output/ds_twr_resp nrf52832_xxaa/Obj/app_fifo.o
                0x00000000000068b0                app_fifo_get
 .text.fifo_length
                0x00000000000068da       0x18 Output/ds_twr_resp nrf52832_xxaa/Obj/app_uart_fifo.o
 *fill*         0x00000000000068f2        0x2 
 .text.uart_event_handler
                0x00000000000068f4       0xf8 Output/ds_twr_resp nrf52832_xxaa/Obj/app_uart_fifo.o
 .text.app_uart_init
                0x00000000000069ec      0x128 Output/ds_twr_resp nrf52832_xxaa/Obj/app_uart_fifo.o
                0x00000000000069ec                app_uart_init
 .text.libc.__uint32_to_float64
                0x0000000000006b14       0x22 C:/Program Files/SEGGER/SEGGER Embedded Studio for ARM 4.18/lib/libm_v7em_fpv4_sp_d16_hard_t_le_eabi.a(libm_asm.o)
                0x0000000000006b14                __aeabi_ui2d
                0x0000000000006b14                __floatunsidf
                0x0000000000006b14                __uint32_to_float64
 .text.libc.__int64_to_float64
                0x0000000000006b36       0xa0 C:/Program Files/SEGGER/SEGGER Embedded Studio for ARM 4.18/lib/libm_v7em_fpv4_sp_d16_hard_t_le_eabi.a(libm_asm.o)
                0x0000000000006b36                __int64_to_float64
                0x0000000000006b36                __aeabi_l2d
                0x0000000000006b36                __floatdidf
                0x0000000000006b5a                __RAL_aeabi_l2d_common
 .text.libc.__uint64_to_float64
                0x0000000000006bd6       0x14 C:/Program Files/SEGGER/SEGGER Embedded Studio for ARM 4.18/lib/libm_v7em_fpv4_sp_d16_hard_t_le_eabi.a(libm_asm.o)
                0x0000000000006bd6                __aeabi_ul2d
                0x0000000000006bd6                __floatundidf
                0x0000000000006bd6                __uint64_to_float64
 .text.libc.__float64_to_int32
                0x0000000000006bea       0x4e C:/Program Files/SEGGER/SEGGER Embedded Studio for ARM 4.18/lib/libm_v7em_fpv4_sp_d16_hard_t_le_eabi.a(libm_asm.o)
                0x0000000000006bea                __aeabi_d2iz
                0x0000000000006bea                __float64_to_int32
                0x0000000000006bea                __fixdfsi
 .text.libc.__float64_to_int64
                0x0000000000006c38       0x80 C:/Program Files/SEGGER/SEGGER Embedded Studio for ARM 4.18/lib/libm_v7em_fpv4_sp_d16_hard_t_le_eabi.a(libm_asm.o)
                0x0000000000006c38                __aeabi_d2lz
                0x0000000000006c38                __fixdfdi
                0x0000000000006c38                __float64_to_int64
 .text.libc.__float64_add
                0x0000000000006cb8      0x294 C:/Program Files/SEGGER/SEGGER Embedded Studio for ARM 4.18/lib/libm_v7em_fpv4_sp_d16_hard_t_le_eabi.a(libm_asm.o)
                0x0000000000006cb8                __aeabi_drsub
                0x0000000000006cc0                __aeabi_dsub
                0x0000000000006cc0                __float64_sub
                0x0000000000006cc0                __subdf3
                0x0000000000006cc4                __aeabi_dadd
                0x0000000000006cc4                __float64_add
                0x0000000000006cc4                __adddf3
 .text.libc.__float64_mul
                0x0000000000006f4c      0x16c C:/Program Files/SEGGER/SEGGER Embedded Studio for ARM 4.18/lib/libm_v7em_fpv4_sp_d16_hard_t_le_eabi.a(libm_asm.o)
                0x0000000000006f4c                __float64_mul
                0x0000000000006f4c                __muldf3
                0x0000000000006f4c                __aeabi_dmul
 .text.libc.__float64_div
                0x00000000000070b8      0x214 C:/Program Files/SEGGER/SEGGER Embedded Studio for ARM 4.18/lib/libm_v7em_fpv4_sp_d16_hard_t_le_eabi.a(libm_asm.o)
                0x00000000000070b8                __divdf3
                0x00000000000070b8                __float64_div
                0x00000000000070b8                __aeabi_ddiv
 .text.libc.memcmp
                0x00000000000072cc       0x76 C:/Program Files/SEGGER/SEGGER Embedded Studio for ARM 4.18/lib/libc_v7em_fpv4_sp_d16_hard_t_le_eabi.a(libc2.o)
                0x00000000000072cc                memcmp
 .text.libc.memcpy
                0x0000000000007342       0x52 C:/Program Files/SEGGER/SEGGER Embedded Studio for ARM 4.18/lib/libc_v7em_fpv4_sp_d16_hard_t_le_eabi.a(libc2_asm.o)
                0x0000000000007342                __aeabi_memcpy
                0x0000000000007342                memcpy
                0x000000000000734e                __aeabi_memcpy8
                0x000000000000734e                __aeabi_memcpy4
 .text.libc.memset
                0x0000000000007394       0x66 C:/Program Files/SEGGER/SEGGER Embedded Studio for ARM 4.18/lib/libc_v7em_fpv4_sp_d16_hard_t_le_eabi.a(libc2_asm.o)
                0x0000000000007394                memset
                0x00000000000073fa                __text_end__ = (__text_start__ + SIZEOF (.text))
                0x000000000000714a                __text_size__ = SIZEOF (.text)
                0x00000000000073fa                __text_load_end__ = __text_end__

.vfp11_veneer   0x0000000100000000        0x0
 .vfp11_veneer  0x0000000100000000        0x0 linker stubs

.v4_bx          0x0000000100000000        0x0
 .v4_bx         0x0000000100000000        0x0 linker stubs

.iplt           0x0000000100000000        0x0
 .iplt          0x0000000100000000        0x0 Output/ds_twr_resp nrf52832_xxaa/Obj/thumb_crt0.o
                0x0000000000000001                . = ASSERT (((__text_start__ == __text_end__) || ((__text_end__ - __FLASH_segment_start__) <= __FLASH_segment_size__)), error: .text is too large to fit in FLASH memory segment)
                0x00000000000073fc                __dtors_load_start__ = ALIGN (__text_end__, 0x4)

.dtors          0x00000000000073fc        0x0
                0x00000000000073fc                __dtors_start__ = .
 *(SORT_BY_NAME(.dtors.*))
 *(.dtors)
 *(.fini_array)
 *(SORT_BY_NAME(.fini_array.*))
                0x00000000000073fc                __dtors_end__ = (__dtors_start__ + SIZEOF (.dtors))
                0x0000000000000000                __dtors_size__ = SIZEOF (.dtors)
                0x00000000000073fc                __dtors_load_end__ = __dtors_end__
                0x0000000000000001                . = ASSERT (((__dtors_start__ == __dtors_end__) || ((__dtors_end__ - __FLASH_segment_start__) <= __FLASH_segment_size__)), error: .dtors is too large to fit in FLASH memory segment)
                0x00000000000073fc                __ctors_load_start__ = ALIGN (__dtors_end__, 0x4)

.ctors          0x00000000000073fc        0x0
                0x00000000000073fc                __ctors_start__ = .
 *(SORT_BY_NAME(.ctors.*))
 *(.ctors)
 *(.init_array)
 *(SORT_BY_NAME(.init_array.*))
                0x00000000000073fc                __ctors_end__ = (__ctors_start__ + SIZEOF (.ctors))
                0x0000000000000000                __ctors_size__ = SIZEOF (.ctors)
                0x00000000000073fc                __ctors_load_end__ = __ctors_end__
                0x0000000000000001                . = ASSERT (((__ctors_start__ == __ctors_end__) || ((__ctors_end__ - __FLASH_segment_start__) <= __FLASH_segment_size__)), error: .ctors is too large to fit in FLASH memory segment)
                0x00000000000073fc                __rodata_load_start__ = ALIGN (__ctors_end__, 0x4)

.rodata         0x00000000000073fc      0x148
                0x00000000000073fc                __rodata_start__ = .
 *(.rodata .rodata.* .gnu.linkonce.r.*)
 .rodata        0x00000000000073fc       0x1b Output/ds_twr_resp nrf52832_xxaa/Obj/main.o
 *fill*         0x0000000000007417        0x1 
 .rodata.chan_idx
                0x0000000000007418        0x8 Output/ds_twr_resp nrf52832_xxaa/Obj/deca_params_init.o
                0x0000000000007418                chan_idx
 .rodata.tx_config
                0x0000000000007420       0x18 Output/ds_twr_resp nrf52832_xxaa/Obj/deca_params_init.o
                0x0000000000007420                tx_config
 .rodata.fs_pll_cfg
                0x0000000000007438       0x18 Output/ds_twr_resp nrf52832_xxaa/Obj/deca_params_init.o
                0x0000000000007438                fs_pll_cfg
 .rodata.fs_pll_tune
                0x0000000000007450        0x6 Output/ds_twr_resp nrf52832_xxaa/Obj/deca_params_init.o
                0x0000000000007450                fs_pll_tune
 *fill*         0x0000000000007456        0x2 
 .rodata.rx_config
                0x0000000000007458        0x2 Output/ds_twr_resp nrf52832_xxaa/Obj/deca_params_init.o
                0x0000000000007458                rx_config
 *fill*         0x000000000000745a        0x2 
 .rodata.agc_config
                0x000000000000745c        0x8 Output/ds_twr_resp nrf52832_xxaa/Obj/deca_params_init.o
                0x000000000000745c                agc_config
 .rodata.dwnsSFDlen
                0x0000000000007464        0x3 Output/ds_twr_resp nrf52832_xxaa/Obj/deca_params_init.o
                0x0000000000007464                dwnsSFDlen
 *fill*         0x0000000000007467        0x1 
 .rodata.sftsh  0x0000000000007468        0xc Output/ds_twr_resp nrf52832_xxaa/Obj/deca_params_init.o
                0x0000000000007468                sftsh
 .rodata.dtune1
                0x0000000000007474        0x4 Output/ds_twr_resp nrf52832_xxaa/Obj/deca_params_init.o
                0x0000000000007474                dtune1
 .rodata.digital_bb_config
                0x0000000000007478       0x20 Output/ds_twr_resp nrf52832_xxaa/Obj/deca_params_init.o
                0x0000000000007478                digital_bb_config
 .rodata.lde_replicaCoeff
                0x0000000000007498       0x32 Output/ds_twr_resp nrf52832_xxaa/Obj/deca_params_init.o
                0x0000000000007498                lde_replicaCoeff
 *fill*         0x00000000000074ca        0x2 
 .rodata.spi    0x00000000000074cc        0x8 Output/ds_twr_resp nrf52832_xxaa/Obj/port_platform.o
 .rodata        0x00000000000074d4       0x20 Output/ds_twr_resp nrf52832_xxaa/Obj/port_platform.o
 .rodata        0x00000000000074f4        0x5 Output/ds_twr_resp nrf52832_xxaa/Obj/tasks.o
 *fill*         0x00000000000074f9        0x3 
 .rodata        0x00000000000074fc        0xd Output/ds_twr_resp nrf52832_xxaa/Obj/timers.o
 *fill*         0x0000000000007509        0x3 
 .rodata.comm_params
                0x000000000000750c       0x18 Output/ds_twr_resp nrf52832_xxaa/Obj/UART.o
                0x000000000000750c                comm_params
 .rodata        0x0000000000007524       0x20 Output/ds_twr_resp nrf52832_xxaa/Obj/app_uart_fifo.o
                0x0000000000007544                __rodata_end__ = (__rodata_start__ + SIZEOF (.rodata))
                0x0000000000000148                __rodata_size__ = SIZEOF (.rodata)
                0x0000000000007544                __rodata_load_end__ = __rodata_end__

.rel.dyn        0x0000000000000000        0x0
 .rel.iplt      0x0000000000000000        0x0 Output/ds_twr_resp nrf52832_xxaa/Obj/thumb_crt0.o
                0x0000000000000001                . = ASSERT (((__rodata_start__ == __rodata_end__) || ((__rodata_end__ - __FLASH_segment_start__) <= __FLASH_segment_size__)), error: .rodata is too large to fit in FLASH memory segment)
                0x0000000000007544                __ARM.exidx_load_start__ = ALIGN (__rodata_end__, 0x4)

.ARM.exidx      0x0000000000007544        0x0
                0x0000000000007544                __ARM.exidx_start__ = .
                0x0000000000007544                __exidx_start = __ARM.exidx_start__
 *(.ARM.exidx .ARM.exidx.*)
                0x0000000000007544                __ARM.exidx_end__ = (__ARM.exidx_start__ + SIZEOF (.ARM.exidx))
                0x0000000000000000                __ARM.exidx_size__ = SIZEOF (.ARM.exidx)
                0x0000000000007544                __exidx_end = __ARM.exidx_end__
                0x0000000000007544                __ARM.exidx_load_end__ = __ARM.exidx_end__
                0x0000000000000001                . = ASSERT (((__ARM.exidx_start__ == __ARM.exidx_end__) || ((__ARM.exidx_end__ - __FLASH_segment_start__) <= __FLASH_segment_size__)), error: .ARM.exidx is too large to fit in FLASH memory segment)
                0x0000000000007544                __fast_load_start__ = ALIGN (__ARM.exidx_end__, 0x4)

.fast           0x0000000020000000        0x0 load address 0x0000000000007544
                0x0000000020000000                __fast_start__ = .
 *(.fast .fast.*)
                0x0000000020000000                __fast_end__ = (__fast_start__ + SIZEOF (.fast))
                0x0000000000000000                __fast_size__ = SIZEOF (.fast)
                0x0000000000007544                __fast_load_end__ = (__fast_load_start__ + SIZEOF (.fast))
                0x0000000000000001                . = ASSERT (((__fast_load_start__ == __fast_load_end__) || ((__fast_load_end__ - __FLASH_segment_start__) <= __FLASH_segment_size__)), error: .fast is too large to fit in FLASH memory segment)

.fast_run       0x0000000020000000        0x0
                0x0000000020000000                __fast_run_start__ = .
                0x0000000020000000                . = MAX ((__fast_run_start__ + SIZEOF (.fast)), .)
                0x0000000020000000                __fast_run_end__ = (__fast_run_start__ + SIZEOF (.fast_run))
                0x0000000000000000                __fast_run_size__ = SIZEOF (.fast_run)
                0x0000000020000000                __fast_run_load_end__ = __fast_run_end__
                0x0000000000000001                . = ASSERT (((__fast_run_start__ == __fast_run_end__) || ((__fast_run_end__ - __SRAM_segment_start__) <= __SRAM_segment_size__)), error: .fast_run is too large to fit in SRAM memory segment)
                0x0000000000007544                __data_load_start__ = ALIGN ((__fast_load_start__ + SIZEOF (.fast)), 0x4)

.data           0x0000000020000000       0x6c load address 0x0000000000007544
                0x0000000020000000                __data_start__ = .
 *(.data .data.* .gnu.linkonce.d.*)
 .data.SystemCoreClock
                0x0000000020000000        0x4 Output/ds_twr_resp nrf52832_xxaa/Obj/system_nrf52.o
                0x0000000020000000                SystemCoreClock
 .data.config   0x0000000020000004        0xc Output/ds_twr_resp nrf52832_xxaa/Obj/main.o
 .data.rx_poll_msg
                0x0000000020000010        0xc Output/ds_twr_resp nrf52832_xxaa/Obj/ss_resp_main.o
 .data.tx_resp_msg
                0x000000002000001c       0x14 Output/ds_twr_resp nrf52832_xxaa/Obj/ss_resp_main.o
 .data.rx_finl_msg
                0x0000000020000030       0x18 Output/ds_twr_resp nrf52832_xxaa/Obj/ss_resp_main.o
 .data.tx_dist_msg
                0x0000000020000048       0x14 Output/ds_twr_resp nrf52832_xxaa/Obj/ss_resp_main.o
 .data.pdw1000local
                0x000000002000005c        0x4 Output/ds_twr_resp nrf52832_xxaa/Obj/deca_device.o
 .data.xNextTaskUnblockTime
                0x0000000020000060        0x4 Output/ds_twr_resp nrf52832_xxaa/Obj/tasks.o
 .data.app_uart_inst
                0x0000000020000064        0x8 Output/ds_twr_resp nrf52832_xxaa/Obj/app_uart_fifo.o
                0x000000002000006c                __data_end__ = (__data_start__ + SIZEOF (.data))
                0x000000000000006c                __data_size__ = SIZEOF (.data)
                0x00000000000075b0                __data_load_end__ = (__data_load_start__ + SIZEOF (.data))

.igot.plt       0x0000000100000000        0x0
 .igot.plt      0x0000000100000000        0x0 Output/ds_twr_resp nrf52832_xxaa/Obj/thumb_crt0.o
                0x0000000000000001                . = ASSERT (((__data_load_start__ == __data_load_end__) || ((__data_load_end__ - __FLASH_segment_start__) <= __FLASH_segment_size__)), error: .data is too large to fit in FLASH memory segment)

.data_run       0x0000000020000000       0x6c load address 0x0000000000007544
                0x0000000020000000                __data_run_start__ = .
                0x000000002000006c                . = MAX ((__data_run_start__ + SIZEOF (.data)), .)
 *fill*         0x0000000020000000       0x6c 
                0x000000002000006c                __data_run_end__ = (__data_run_start__ + SIZEOF (.data_run))
                0x000000000000006c                __data_run_size__ = SIZEOF (.data_run)
                0x000000002000006c                __data_run_load_end__ = __data_run_end__
                0x0000000000000001                . = ASSERT (((__data_run_start__ == __data_run_end__) || ((__data_run_end__ - __SRAM_segment_start__) <= __SRAM_segment_size__)), error: .data_run is too large to fit in SRAM memory segment)
                0x00000000000075b0                __tdata_load_start__ = ALIGN ((__data_load_start__ + SIZEOF (.data)), 0x4)

.tdata          0x000000002000006c        0x0 load address 0x00000000000075b0
                0x000000002000006c                __tdata_start__ = .
 *(.tdata .tdata.*)
                0x000000002000006c                __tdata_end__ = (__tdata_start__ + SIZEOF (.tdata))
                0x0000000000000000                __tdata_size__ = SIZEOF (.tdata)
                0x00000000000075b0                __tdata_load_end__ = (__tdata_load_start__ + SIZEOF (.tdata))
                0x0000000000000001                . = ASSERT (((__tdata_load_start__ == __tdata_load_end__) || ((__tdata_load_end__ - __FLASH_segment_start__) <= __FLASH_segment_size__)), error: .tdata is too large to fit in FLASH memory segment)

.tdata_run      0x000000002000006c        0x0
                0x000000002000006c                __tdata_run_start__ = .
                0x000000002000006c                . = MAX ((__tdata_run_start__ + SIZEOF (.tdata)), .)
                0x000000002000006c                __tdata_run_end__ = (__tdata_run_start__ + SIZEOF (.tdata_run))
                0x0000000000000000                __tdata_run_size__ = SIZEOF (.tdata_run)
                0x000000002000006c                __tdata_run_load_end__ = __tdata_run_end__
                0x0000000000000001                . = ASSERT (((__tdata_run_start__ == __tdata_run_end__) || ((__tdata_run_end__ - __SRAM_segment_start__) <= __SRAM_segment_size__)), error: .tdata_run is too large to fit in SRAM memory segment)
                0x000000002000006c                __nrf_sections_run_load_start__ = ALIGN (__tdata_run_end__, 0x4)

.nrf_sections_run
                0x000000002000006c        0x0
                0x000000002000006c                __nrf_sections_run_start__ = .
                0x000000002000006c                __start_nrf_sections_run = __nrf_sections_run_start__
 *(.nrf_sections_run .nrf_sections_run.*)
                0x000000002000006c                __nrf_sections_run_end__ = (__nrf_sections_run_start__ + SIZEOF (.nrf_sections_run))
                0x0000000000000000                __nrf_sections_run_size__ = SIZEOF (.nrf_sections_run)
                0x000000002000006c                __nrf_sections_run_load_end__ = __nrf_sections_run_end__
                0x0000000000000001                . = ASSERT (((__nrf_sections_run_start__ == __nrf_sections_run_end__) || ((__nrf_sections_run_end__ - __SRAM_segment_start__) <= __SRAM_segment_size__)), error: .nrf_sections_run is too large to fit in SRAM memory segment)
                0x00000000000075b0                __dfu_trans_load_start__ = ALIGN ((__tdata_load_start__ + SIZEOF (.tdata)), 0x4)

.dfu_trans      0x00000000000075b0        0x0
                0x00000000000075b0                __dfu_trans_start__ = .
                0x00000000000075b0                __start_dfu_trans = __dfu_trans_start__
 *(SORT_BY_NAME(.dfu_trans*))
                0x00000000000075b0                __dfu_trans_end__ = (__dfu_trans_start__ + SIZEOF (.dfu_trans))
                0x0000000000000000                __dfu_trans_size__ = SIZEOF (.dfu_trans)
                0x00000000000075b0                __stop_dfu_trans = __dfu_trans_end__
                0x00000000000075b0                __dfu_trans_load_end__ = __dfu_trans_end__
                0x0000000000000001                . = ASSERT (((__dfu_trans_start__ == __dfu_trans_end__) || ((__dfu_trans_end__ - __FLASH_segment_start__) <= __FLASH_segment_size__)), error: .dfu_trans is too large to fit in FLASH memory segment)
                0x00000000000075b0                __log_const_data_load_start__ = ALIGN (__dfu_trans_end__, 0x4)

.log_const_data
                0x00000000000075b0        0x0
                0x00000000000075b0                __log_const_data_start__ = .
                0x00000000000075b0                __start_log_const_data = __log_const_data_start__
 *(.log_const_data*)
                0x00000000000075b0                __log_const_data_end__ = (__log_const_data_start__ + SIZEOF (.log_const_data))
                0x0000000000000000                __log_const_data_size__ = SIZEOF (.log_const_data)
                0x00000000000075b0                __stop_log_const_data = __log_const_data_end__
                0x00000000000075b0                __log_const_data_load_end__ = __log_const_data_end__
                0x0000000000000001                . = ASSERT (((__log_const_data_start__ == __log_const_data_end__) || ((__log_const_data_end__ - __FLASH_segment_start__) <= __FLASH_segment_size__)), error: .log_const_data is too large to fit in FLASH memory segment)
                0x00000000000075b0                __svc_data_load_start__ = ALIGN (__log_const_data_end__, 0x4)

.svc_data       0x00000000000075b0        0x0
                0x00000000000075b0                __svc_data_start__ = .
                0x00000000000075b0                __start_svc_data = __svc_data_start__
 *(.svc_data*)
                0x00000000000075b0                __svc_data_end__ = (__svc_data_start__ + SIZEOF (.svc_data))
                0x0000000000000000                __svc_data_size__ = SIZEOF (.svc_data)
                0x00000000000075b0                __stop_svc_data = __svc_data_end__
                0x00000000000075b0                __svc_data_load_end__ = __svc_data_end__
                0x0000000000000001                . = ASSERT (((__svc_data_start__ == __svc_data_end__) || ((__svc_data_end__ - __FLASH_segment_start__) <= __FLASH_segment_size__)), error: .svc_data is too large to fit in FLASH memory segment)
                0x00000000000075b0                __sdh_ble_observers_load_start__ = ALIGN (__svc_data_end__, 0x4)

.sdh_ble_observers
                0x00000000000075b0        0x0
                0x00000000000075b0                __sdh_ble_observers_start__ = .
                0x00000000000075b0                __start_sdh_ble_observers = __sdh_ble_observers_start__
 *(SORT_BY_NAME(.sdh_ble_observers*))
                0x00000000000075b0                __sdh_ble_observers_end__ = (__sdh_ble_observers_start__ + SIZEOF (.sdh_ble_observers))
                0x0000000000000000                __sdh_ble_observers_size__ = SIZEOF (.sdh_ble_observers)
                0x00000000000075b0                __stop_sdh_ble_observers = __sdh_ble_observers_end__
                0x00000000000075b0                __sdh_ble_observers_load_end__ = __sdh_ble_observers_end__
                0x0000000000000001                . = ASSERT (((__sdh_ble_observers_start__ == __sdh_ble_observers_end__) || ((__sdh_ble_observers_end__ - __FLASH_segment_start__) <= __FLASH_segment_size__)), error: .sdh_ble_observers is too large to fit in FLASH memory segment)
                0x00000000000075b0                __sdh_req_observers_load_start__ = ALIGN (__sdh_ble_observers_end__, 0x4)

.sdh_req_observers
                0x00000000000075b0        0x0
                0x00000000000075b0                __sdh_req_observers_start__ = .
                0x00000000000075b0                __start_sdh_req_observers = __sdh_req_observers_start__
 *(SORT_BY_NAME(.sdh_req_observers*))
                0x00000000000075b0                __sdh_req_observers_end__ = (__sdh_req_observers_start__ + SIZEOF (.sdh_req_observers))
                0x0000000000000000                __sdh_req_observers_size__ = SIZEOF (.sdh_req_observers)
                0x00000000000075b0                __stop_sdh_req_observers = __sdh_req_observers_end__
                0x00000000000075b0                __sdh_req_observers_load_end__ = __sdh_req_observers_end__
                0x0000000000000001                . = ASSERT (((__sdh_req_observers_start__ == __sdh_req_observers_end__) || ((__sdh_req_observers_end__ - __FLASH_segment_start__) <= __FLASH_segment_size__)), error: .sdh_req_observers is too large to fit in FLASH memory segment)
                0x00000000000075b0                __sdh_state_observers_load_start__ = ALIGN (__sdh_req_observers_end__, 0x4)

.sdh_state_observers
                0x00000000000075b0        0x0
                0x00000000000075b0                __sdh_state_observers_start__ = .
                0x00000000000075b0                __start_sdh_state_observers = __sdh_state_observers_start__
 *(SORT_BY_NAME(.sdh_state_observers*))
                0x00000000000075b0                __sdh_state_observers_end__ = (__sdh_state_observers_start__ + SIZEOF (.sdh_state_observers))
                0x0000000000000000                __sdh_state_observers_size__ = SIZEOF (.sdh_state_observers)
                0x00000000000075b0                __stop_sdh_state_observers = __sdh_state_observers_end__
                0x00000000000075b0                __sdh_state_observers_load_end__ = __sdh_state_observers_end__
                0x0000000000000001                . = ASSERT (((__sdh_state_observers_start__ == __sdh_state_observers_end__) || ((__sdh_state_observers_end__ - __FLASH_segment_start__) <= __FLASH_segment_size__)), error: .sdh_state_observers is too large to fit in FLASH memory segment)
                0x00000000000075b0                __sdh_stack_observers_load_start__ = ALIGN (__sdh_state_observers_end__, 0x4)

.sdh_stack_observers
                0x00000000000075b0        0x0
                0x00000000000075b0                __sdh_stack_observers_start__ = .
                0x00000000000075b0                __start_sdh_stack_observers = __sdh_stack_observers_start__
 *(SORT_BY_NAME(.sdh_stack_observers*))
                0x00000000000075b0                __sdh_stack_observers_end__ = (__sdh_stack_observers_start__ + SIZEOF (.sdh_stack_observers))
                0x0000000000000000                __sdh_stack_observers_size__ = SIZEOF (.sdh_stack_observers)
                0x00000000000075b0                __stop_sdh_stack_observers = __sdh_stack_observers_end__
                0x00000000000075b0                __sdh_stack_observers_load_end__ = __sdh_stack_observers_end__
                0x0000000000000001                . = ASSERT (((__sdh_stack_observers_start__ == __sdh_stack_observers_end__) || ((__sdh_stack_observers_end__ - __FLASH_segment_start__) <= __FLASH_segment_size__)), error: .sdh_stack_observers is too large to fit in FLASH memory segment)
                0x00000000000075b0                __sdh_soc_observers_load_start__ = ALIGN (__sdh_stack_observers_end__, 0x4)

.sdh_soc_observers
                0x00000000000075b0        0x0
                0x00000000000075b0                __sdh_soc_observers_start__ = .
                0x00000000000075b0                __start_sdh_soc_observers = __sdh_soc_observers_start__
 *(SORT_BY_NAME(.sdh_soc_observers*))
                0x00000000000075b0                __sdh_soc_observers_end__ = (__sdh_soc_observers_start__ + SIZEOF (.sdh_soc_observers))
                0x0000000000000000                __sdh_soc_observers_size__ = SIZEOF (.sdh_soc_observers)
                0x00000000000075b0                __stop_sdh_soc_observers = __sdh_soc_observers_end__
                0x00000000000075b0                __sdh_soc_observers_load_end__ = __sdh_soc_observers_end__
                0x0000000000000001                . = ASSERT (((__sdh_soc_observers_start__ == __sdh_soc_observers_end__) || ((__sdh_soc_observers_end__ - __FLASH_segment_start__) <= __FLASH_segment_size__)), error: .sdh_soc_observers is too large to fit in FLASH memory segment)
                0x00000000000075b0                __nrf_sections_load_start__ = ALIGN (__sdh_soc_observers_end__, 0x4)

.nrf_sections   0x00000000000075b0        0x0
                0x00000000000075b0                __nrf_sections_start__ = .
                0x00000000000075b0                __start_nrf_sections = __nrf_sections_start__
 *(.nrf_sections .nrf_sections.*)
                0x00000000000075b0                __nrf_sections_end__ = (__nrf_sections_start__ + SIZEOF (.nrf_sections))
                0x0000000000000000                __nrf_sections_size__ = SIZEOF (.nrf_sections)
                0x00000000000075b0                __nrf_sections_load_end__ = __nrf_sections_end__
                0x0000000000000001                . = ASSERT (((__nrf_sections_start__ == __nrf_sections_end__) || ((__nrf_sections_end__ - __FLASH_segment_start__) <= __FLASH_segment_size__)), error: .nrf_sections is too large to fit in FLASH memory segment)
                0x00000000000075b0                __log_dynamic_data_load_start__ = ALIGN (__nrf_sections_end__, 0x4)

.log_dynamic_data
                0x000000002000006c        0x0 load address 0x00000000000075b0
                0x000000002000006c                __log_dynamic_data_start__ = .
 *(.log_dynamic_data*)
                0x000000002000006c                __log_dynamic_data_end__ = (__log_dynamic_data_start__ + SIZEOF (.log_dynamic_data))
                0x0000000000000000                __log_dynamic_data_size__ = SIZEOF (.log_dynamic_data)
                0x00000000000075b0                __log_dynamic_data_load_end__ = (__log_dynamic_data_load_start__ + SIZEOF (.log_dynamic_data))
                0x0000000000000001                . = ASSERT (((__log_dynamic_data_load_start__ == __log_dynamic_data_load_end__) || ((__log_dynamic_data_load_end__ - __FLASH_segment_start__) <= __FLASH_segment_size__)), error: .log_dynamic_data is too large to fit in FLASH memory segment)

.log_dynamic_data_run
                0x000000002000006c        0x0
                0x000000002000006c                __log_dynamic_data_run_start__ = .
                0x000000002000006c                __start_log_dynamic_data = __log_dynamic_data_run_start__
                0x000000002000006c                . = MAX ((__log_dynamic_data_run_start__ + SIZEOF (.log_dynamic_data)), .)
                0x000000002000006c                __log_dynamic_data_run_end__ = (__log_dynamic_data_run_start__ + SIZEOF (.log_dynamic_data_run))
                0x0000000000000000                __log_dynamic_data_run_size__ = SIZEOF (.log_dynamic_data_run)
                0x000000002000006c                __stop_log_dynamic_data = __log_dynamic_data_run_end__
                0x000000002000006c                __log_dynamic_data_run_load_end__ = __log_dynamic_data_run_end__
                0x0000000000000001                . = ASSERT (((__log_dynamic_data_run_start__ == __log_dynamic_data_run_end__) || ((__log_dynamic_data_run_end__ - __SRAM_segment_start__) <= __SRAM_segment_size__)), error: .log_dynamic_data_run is too large to fit in SRAM memory segment)
                0x00000000000075b0                __fs_data_load_start__ = ALIGN ((__log_dynamic_data_load_start__ + SIZEOF (.log_dynamic_data)), 0x4)

.fs_data        0x000000002000006c        0x0 load address 0x00000000000075b0
                0x000000002000006c                __fs_data_start__ = .
 *(.fs_data*)
                0x000000002000006c                __fs_data_end__ = (__fs_data_start__ + SIZEOF (.fs_data))
                0x0000000000000000                __fs_data_size__ = SIZEOF (.fs_data)
                0x00000000000075b0                __fs_data_load_end__ = (__fs_data_load_start__ + SIZEOF (.fs_data))
                0x00000000000075b0                __FLASH_segment_used_end__ = (ALIGN ((__log_dynamic_data_load_start__ + SIZEOF (.log_dynamic_data)), 0x4) + SIZEOF (.fs_data))
                0x00000000000075b0                __FLASH_segment_used_size__ = (__FLASH_segment_used_end__ - __FLASH_segment_start__)
                0x0000000000000001                . = ASSERT (((__fs_data_load_start__ == __fs_data_load_end__) || ((__fs_data_load_end__ - __FLASH_segment_start__) <= __FLASH_segment_size__)), error: .fs_data is too large to fit in FLASH memory segment)

.fs_data_run    0x000000002000006c        0x0
                0x000000002000006c                __fs_data_run_start__ = .
                0x000000002000006c                __start_fs_data = __fs_data_run_start__
                0x000000002000006c                . = MAX ((__fs_data_run_start__ + SIZEOF (.fs_data)), .)
                0x000000002000006c                __fs_data_run_end__ = (__fs_data_run_start__ + SIZEOF (.fs_data_run))
                0x0000000000000000                __fs_data_run_size__ = SIZEOF (.fs_data_run)
                0x000000002000006c                __stop_fs_data = __fs_data_run_end__
                0x000000002000006c                __fs_data_run_load_end__ = __fs_data_run_end__
                0x0000000000000001                . = ASSERT (((__fs_data_run_start__ == __fs_data_run_end__) || ((__fs_data_run_end__ - __SRAM_segment_start__) <= __SRAM_segment_size__)), error: .fs_data_run is too large to fit in SRAM memory segment)
                0x000000002000006c                __nrf_sections_run_end_load_start__ = ALIGN (__fs_data_run_end__, 0x4)

.nrf_sections_run_end
                0x000000002000006c        0x0
                0x000000002000006c                __nrf_sections_run_end_start__ = .
                0x000000002000006c                __end_nrf_sections_run = __nrf_sections_run_end_start__
 *(.nrf_sections_run_end .nrf_sections_run_end.*)
                0x000000002000006c                __nrf_sections_run_end_end__ = (__nrf_sections_run_end_start__ + SIZEOF (.nrf_sections_run_end))
                0x0000000000000000                __nrf_sections_run_end_size__ = SIZEOF (.nrf_sections_run_end)
                0x000000002000006c                __nrf_sections_run_end_load_end__ = __nrf_sections_run_end_end__
                0x0000000000000001                . = ASSERT (((__nrf_sections_run_end_start__ == __nrf_sections_run_end_end__) || ((__nrf_sections_run_end_end__ - __SRAM_segment_start__) <= __SRAM_segment_size__)), error: .nrf_sections_run_end is too large to fit in SRAM memory segment)
                0x000000002000006c                __bss_load_start__ = ALIGN (__nrf_sections_run_end_end__, 0x4)

.bss            0x000000002000006c     0x14ac
                0x000000002000006c                __bss_start__ = .
 *(.bss .bss.* .gnu.linkonce.b.*)
 .bss.ss_responder_task_handle
                0x000000002000006c        0x4 Output/ds_twr_resp nrf52832_xxaa/Obj/main.o
                0x000000002000006c                ss_responder_task_handle
 .bss.led_toggle_task_handle
                0x0000000020000070        0x4 Output/ds_twr_resp nrf52832_xxaa/Obj/main.o
                0x0000000020000070                led_toggle_task_handle
 .bss.led_toggle_timer_handle
                0x0000000020000074        0x4 Output/ds_twr_resp nrf52832_xxaa/Obj/main.o
                0x0000000020000074                led_toggle_timer_handle
 .bss.frame_seq_nb
                0x0000000020000078        0x1 Output/ds_twr_resp nrf52832_xxaa/Obj/ss_resp_main.o
 *fill*         0x0000000020000079        0x3 
 .bss.rx_buffer
                0x000000002000007c       0x18 Output/ds_twr_resp nrf52832_xxaa/Obj/ss_resp_main.o
 .bss.status_reg
                0x0000000020000094        0x4 Output/ds_twr_resp nrf52832_xxaa/Obj/ss_resp_main.o
 .bss.tof       0x0000000020000098        0x8 Output/ds_twr_resp nrf52832_xxaa/Obj/ss_resp_main.o
 .bss.distance  0x00000000200000a0        0x8 Output/ds_twr_resp nrf52832_xxaa/Obj/ss_resp_main.o
 .bss.distance_mm
                0x00000000200000a8        0x4 Output/ds_twr_resp nrf52832_xxaa/Obj/ss_resp_main.o
 .bss.m_cb      0x00000000200000ac       0x58 Output/ds_twr_resp nrf52832_xxaa/Obj/nrf_drv_gpiote.o
 .bss.m_cb      0x0000000020000104       0x24 Output/ds_twr_resp nrf52832_xxaa/Obj/nrf_drv_spi.o
 .bss.m_cb      0x0000000020000128       0x20 Output/ds_twr_resp nrf52832_xxaa/Obj/nrf_drv_uart.o
 .bss.m_clock_cb
                0x0000000020000148       0x14 Output/ds_twr_resp nrf52832_xxaa/Obj/nrf_drv_clock.o
 .bss.dw1000local
                0x000000002000015c       0x38 Output/ds_twr_resp nrf52832_xxaa/Obj/deca_device.o
 .bss.spi_xfer_done
                0x0000000020000194        0x1 Output/ds_twr_resp nrf52832_xxaa/Obj/port_platform.o
 *fill*         0x0000000020000195        0x3 
 .bss.xQueueRegistry
                0x0000000020000198       0x10 Output/ds_twr_resp nrf52832_xxaa/Obj/queue.o
                0x0000000020000198                xQueueRegistry
 .bss.pxCurrentTCB
                0x00000000200001a8        0x4 Output/ds_twr_resp nrf52832_xxaa/Obj/tasks.o
                0x00000000200001a8                pxCurrentTCB
 .bss.pxReadyTasksLists
                0x00000000200001ac       0x3c Output/ds_twr_resp nrf52832_xxaa/Obj/tasks.o
 .bss.xDelayedTaskList1
                0x00000000200001e8       0x14 Output/ds_twr_resp nrf52832_xxaa/Obj/tasks.o
 .bss.xDelayedTaskList2
                0x00000000200001fc       0x14 Output/ds_twr_resp nrf52832_xxaa/Obj/tasks.o
 .bss.pxDelayedTaskList
                0x0000000020000210        0x4 Output/ds_twr_resp nrf52832_xxaa/Obj/tasks.o
 .bss.pxOverflowDelayedTaskList
                0x0000000020000214        0x4 Output/ds_twr_resp nrf52832_xxaa/Obj/tasks.o
 .bss.xPendingReadyList
                0x0000000020000218       0x14 Output/ds_twr_resp nrf52832_xxaa/Obj/tasks.o
 .bss.xTasksWaitingTermination
                0x000000002000022c       0x14 Output/ds_twr_resp nrf52832_xxaa/Obj/tasks.o
 .bss.uxTasksDeleted
                0x0000000020000240        0x4 Output/ds_twr_resp nrf52832_xxaa/Obj/tasks.o
 .bss.xSuspendedTaskList
                0x0000000020000244       0x14 Output/ds_twr_resp nrf52832_xxaa/Obj/tasks.o
 .bss.xIdleTaskHandle
                0x0000000020000258        0x4 Output/ds_twr_resp nrf52832_xxaa/Obj/tasks.o
 .bss.uxCurrentNumberOfTasks
                0x000000002000025c        0x4 Output/ds_twr_resp nrf52832_xxaa/Obj/tasks.o
 .bss.xTickCount
                0x0000000020000260        0x4 Output/ds_twr_resp nrf52832_xxaa/Obj/tasks.o
 .bss.uxTopReadyPriority
                0x0000000020000264        0x4 Output/ds_twr_resp nrf52832_xxaa/Obj/tasks.o
 .bss.xSchedulerRunning
                0x0000000020000268        0x4 Output/ds_twr_resp nrf52832_xxaa/Obj/tasks.o
 .bss.uxPendedTicks
                0x000000002000026c        0x4 Output/ds_twr_resp nrf52832_xxaa/Obj/tasks.o
 .bss.xYieldPending
                0x0000000020000270        0x4 Output/ds_twr_resp nrf52832_xxaa/Obj/tasks.o
 .bss.xNumOfOverflows
                0x0000000020000274        0x4 Output/ds_twr_resp nrf52832_xxaa/Obj/tasks.o
 .bss.uxTaskNumber
                0x0000000020000278        0x4 Output/ds_twr_resp nrf52832_xxaa/Obj/tasks.o
 .bss.uxSchedulerSuspended
                0x000000002000027c        0x4 Output/ds_twr_resp nrf52832_xxaa/Obj/tasks.o
 .bss.xActiveTimerList1
                0x0000000020000280       0x14 Output/ds_twr_resp nrf52832_xxaa/Obj/timers.o
 .bss.xActiveTimerList2
                0x0000000020000294       0x14 Output/ds_twr_resp nrf52832_xxaa/Obj/timers.o
 .bss.pxCurrentTimerList
                0x00000000200002a8        0x4 Output/ds_twr_resp nrf52832_xxaa/Obj/timers.o
 .bss.pxOverflowTimerList
                0x00000000200002ac        0x4 Output/ds_twr_resp nrf52832_xxaa/Obj/timers.o
 .bss.xTimerQueue
                0x00000000200002b0        0x4 Output/ds_twr_resp nrf52832_xxaa/Obj/timers.o
 .bss.xTimerTaskHandle
                0x00000000200002b4        0x4 Output/ds_twr_resp nrf52832_xxaa/Obj/timers.o
 .bss.xLastTime.8228
                0x00000000200002b8        0x4 Output/ds_twr_resp nrf52832_xxaa/Obj/timers.o
 .bss.ucHeap    0x00000000200002bc     0x1000 Output/ds_twr_resp nrf52832_xxaa/Obj/heap_1.o
 .bss.xNextFreeByte
                0x00000000200012bc        0x4 Output/ds_twr_resp nrf52832_xxaa/Obj/heap_1.o
 .bss.pucAlignedHeap.7972